Component: Arm Compiler for Embedded 6.18 Tool: armlink [5e4cc100]

==============================================================================

Section Cross References

    lcd.o(.text.LCD_clear) refers to lcd.o(.text.LCD_sendInstr) for LCD_sendInstr
    lcd.o(.ARM.exidx.text.LCD_clear) refers to lcd.o(.text.LCD_clear) for [Anonymous Symbol]
    lcd.o(.text.LCD_sendInstr) refers to lcd.o(.text.PIN_clear) for PIN_clear
    lcd.o(.text.LCD_sendInstr) refers to lcd.o(.text.PIN_set) for PIN_set
    lcd.o(.text.LCD_sendInstr) refers to lcd.o(.text.BF_check) for BF_check
    lcd.o(.ARM.exidx.text.LCD_sendInstr) refers to lcd.o(.text.LCD_sendInstr) for [Anonymous Symbol]
    lcd.o(.ARM.exidx.text.LCD_port_init) refers to lcd.o(.text.LCD_port_init) for [Anonymous Symbol]
    lcd.o(.text.LCD_init) refers to lcd.o(.text.LCD_sendInstr) for LCD_sendInstr
    lcd.o(.ARM.exidx.text.LCD_init) refers to lcd.o(.text.LCD_init) for [Anonymous Symbol]
    lcd.o(.text.LCD_place_cursor) refers to lcd.o(.text.PIN_clear) for PIN_clear
    lcd.o(.text.LCD_place_cursor) refers to lcd.o(.text.PIN_set) for PIN_set
    lcd.o(.text.LCD_place_cursor) refers to lcd.o(.text.BF_check) for BF_check
    lcd.o(.ARM.exidx.text.LCD_place_cursor) refers to lcd.o(.text.LCD_place_cursor) for [Anonymous Symbol]
    lcd.o(.ARM.exidx.text.PIN_clear) refers to lcd.o(.text.PIN_clear) for [Anonymous Symbol]
    lcd.o(.ARM.exidx.text.PIN_set) refers to lcd.o(.text.PIN_set) for [Anonymous Symbol]
    lcd.o(.text.BF_check) refers to lcd.o(.text.PIN_clear) for PIN_clear
    lcd.o(.text.BF_check) refers to lcd.o(.text.PIN_set) for PIN_set
    lcd.o(.ARM.exidx.text.BF_check) refers to lcd.o(.text.BF_check) for [Anonymous Symbol]
    lcd.o(.text.LCD_sendData) refers to lcd.o(.text.PIN_set) for PIN_set
    lcd.o(.text.LCD_sendData) refers to lcd.o(.text.PIN_clear) for PIN_clear
    lcd.o(.text.LCD_sendData) refers to lcd.o(.text.BF_check) for BF_check
    lcd.o(.ARM.exidx.text.LCD_sendData) refers to lcd.o(.text.LCD_sendData) for [Anonymous Symbol]
    lcd.o(.text.LCD_send_String) refers to lcd.o(.text.LCD_sendData) for LCD_sendData
    lcd.o(.ARM.exidx.text.LCD_send_String) refers to lcd.o(.text.LCD_send_String) for [Anonymous Symbol]
    lcd.o(.text.LCD_send_intString) refers to lcd.o(.rodata.str1.1) for .L.str
    lcd.o(.text.LCD_send_intString) refers to sprintf.o(.text) for sprintf
    lcd.o(.text.LCD_send_intString) refers to lcd.o(.text.LCD_sendData) for LCD_sendData
    lcd.o(.ARM.exidx.text.LCD_send_intString) refers to lcd.o(.text.LCD_send_intString) for [Anonymous Symbol]
    lcd.o(.text.full_reset) refers to lcd.o(.text.LCD_clear) for LCD_clear
    lcd.o(.text.full_reset) refers to lcd.o(.text.LCD_place_cursor) for LCD_place_cursor
    lcd.o(.ARM.exidx.text.full_reset) refers to lcd.o(.text.full_reset) for [Anonymous Symbol]
    lcd.o(.text.LCD_send_floatString) refers to f2d.o(x$fpl$f2d) for __aeabi_f2d
    lcd.o(.text.LCD_send_floatString) refers to lcd.o(.rodata.str1.1) for .L.str.1
    lcd.o(.text.LCD_send_floatString) refers to sprintf.o(.text) for sprintf
    lcd.o(.text.LCD_send_floatString) refers to lcd.o(.text.LCD_sendData) for LCD_sendData
    lcd.o(.ARM.exidx.text.LCD_send_floatString) refers to lcd.o(.text.LCD_send_floatString) for [Anonymous Symbol]
    lab3_main.o(.text.main) refers to rpg.o(.bss.DUTY) for DUTY
    lab3_main.o(.text.main) refers to timer.o(.bss.i) for i
    lab3_main.o(.text.main) refers to accelerometer.o(.bss.data2) for data2
    lab3_main.o(.text.main) refers to adc.o(.text.ADC_init) for ADC_init
    lab3_main.o(.text.main) refers to led.o(.text.LED_init) for LED_init
    lab3_main.o(.text.main) refers to led.o(.text.LED_ON) for LED_ON
    lab3_main.o(.text.main) refers to accelerometer.o(.text.SPI_Port_Init) for SPI_Port_Init
    lab3_main.o(.text.main) refers to accelerometer.o(.text.SPI_Init) for SPI_Init
    lab3_main.o(.text.main) refers to accelerometer.o(.text.ACC_Init) for ACC_Init
    lab3_main.o(.text.main) refers to timer.o(.text.TIM6_init) for TIM6_init
    lab3_main.o(.text.main) refers to timer.o(.text.TIM3_init) for TIM3_init
    lab3_main.o(.text.main) refers to accelerometer.o(.text.setCS) for setCS
    lab3_main.o(.text.main) refers to accelerometer.o(.text.SPI_Send) for SPI_Send
    lab3_main.o(.ARM.exidx.text.main) refers to lab3_main.o(.text.main) for [Anonymous Symbol]
    rpg.o(.ARM.exidx.text.DUTY_Increment) refers to rpg.o(.text.DUTY_Increment) for [Anonymous Symbol]
    rpg.o(.ARM.exidx.text.RPG_port_init) refers to rpg.o(.text.RPG_port_init) for [Anonymous Symbol]
    rpg.o(.text.Signal_A_interrupt_init) refers to rpg.o(.text.__NVIC_SetPriority) for __NVIC_SetPriority
    rpg.o(.text.Signal_A_interrupt_init) refers to rpg.o(.text.__NVIC_ClearPendingIRQ) for __NVIC_ClearPendingIRQ
    rpg.o(.text.Signal_A_interrupt_init) refers to rpg.o(.text.__NVIC_EnableIRQ) for __NVIC_EnableIRQ
[...]
    ../clib/signal.c                         0x00000000   Number         0  defsig_rtmem_outer.o ABSOLUTE
    ../clib/signal.c                         0x00000000   Number         0  defsig_rtmem_formal.o ABSOLUTE
    ../clib/signal.c                         0x00000000   Number         0  defsig_exit.o ABSOLUTE
    ../clib/signal.c                         0x00000000   Number         0  defsig_rtmem_inner.o ABSOLUTE
    ../clib/signal.c                         0x00000000   Number         0  __raise.o ABSOLUTE
    ../clib/signal.c                         0x00000000   Number         0  defsig_general.o ABSOLUTE
    ../clib/signal.c                         0x00000000   Number         0  defsig_abrt_inner.o ABSOLUTE
    ../clib/signal.c                         0x00000000   Number         0  defsig_fpe_inner.o ABSOLUTE
    ../clib/signal.c                         0x00000000   Number         0  defsig_rtred_inner.o ABSOLUTE
    ../clib/signal.c                         0x00000000   Number         0  defsig_stak_inner.o ABSOLUTE
    ../clib/signal.c                         0x00000000   Number         0  defsig_pvfn_inner.o ABSOLUTE
    ../clib/signal.c                         0x00000000   Number         0  defsig_cppl_inner.o ABSOLUTE
    ../clib/signal.c                         0x00000000   Number         0  defsig_segv_inner.o ABSOLUTE
    ../clib/signal.c                         0x00000000   Number         0  defsig_other.o ABSOLUTE
    ../clib/signal.s                         0x00000000   Number         0  defsig.o ABSOLUTE
    ../clib/stdlib.c                         0x00000000   Number         0  exit.o ABSOLUTE
    ../fplib/dretinf.s                       0x00000000   Number         0  dretinf.o ABSOLUTE
    ../fplib/f2d.s                           0x00000000   Number         0  f2d.o ABSOLUTE
    ../fplib/fnaninf.s                       0x00000000   Number         0  fnaninf.o ABSOLUTE
    ../fplib/fpinit.s                        0x00000000   Number         0  fpinit.o ABSOLUTE
    ../fplib/istatus.s                       0x00000000   Number         0  istatus.o ABSOLUTE
    ../fplib/printf1.s                       0x00000000   Number         0  printf1.o ABSOLUTE
    ../fplib/printf2.s                       0x00000000   Number         0  printf2.o ABSOLUTE
    ../fplib/printf2a.s                      0x00000000   Number         0  printf2a.o ABSOLUTE
    ../fplib/printf2b.s                      0x00000000   Number         0  printf2b.o ABSOLUTE
    ../fplib/usenofp.s                       0x00000000   Number         0  usenofp.o ABSOLUTE
    ../mathlib/fpclassify.c                  0x00000000   Number         0  fpclassify.o ABSOLUTE
    ADC.c                                    0x00000000   Number         0  adc.o ABSOLUTE
    LCD.c                                    0x00000000   Number         0  lcd.o ABSOLUTE
    LED.c                                    0x00000000   Number         0  led.o ABSOLUTE
    Lab3_Main.c                              0x00000000   Number         0  lab3_main.o ABSOLUTE
    Motor.c                                  0x00000000   Number         0  motor.o ABSOLUTE
    RPG.c                                    0x00000000   Number         0  rpg.o ABSOLUTE
    RTE/Device/STM32F407VGTx/startup_stm32f407xx.s 0x00000000   Number         0  startup_stm32f407xx.o ABSOLUTE
    Timer.c                                  0x00000000   Number         0  timer.o ABSOLUTE
    Ultra_Sensor.c                           0x00000000   Number         0  ultra_sensor.o ABSOLUTE
    accelerometer.c                          0x00000000   Number         0  accelerometer.o ABSOLUTE
    dc.s                                     0x00000000   Number         0  dc.o ABSOLUTE
    system_stm32f4xx.c                       0x00000000   Number         0  system_stm32f4xx.o ABSOLUTE
    RESET                                    0x08000000   Section      392  startup_stm32f407xx.o(RESET)
    !!!main                                  0x08000188   Section        8  __main.o(!!!main)
    !!!scatter                               0x08000190   Section       52  __scatter.o(!!!scatter)
    !!handler_zi                             0x080001c4   Section       28  __scatter_zi.o(!!handler_zi)
    .ARM.Collect$$_printf_percent$$00000000  0x080001e0   Section        0  _printf_percent.o(.ARM.Collect$$_printf_percent$$00000000)
    .ARM.Collect$$_printf_percent$$00000001  0x080001e0   Section        6  _printf_n.o(.ARM.Collect$$_printf_percent$$00000001)
    .ARM.Collect$$_printf_percent$$00000002  0x080001e6   Section        6  _printf_p.o(.ARM.Collect$$_printf_percent$$00000002)
    .ARM.Collect$$_printf_percent$$00000003  0x080001ec   Section        6  _printf_f.o(.ARM.Collect$$_printf_percent$$00000003)
    .ARM.Collect$$_printf_percent$$00000004  0x080001f2   Section        6  _printf_e.o(.ARM.Collect$$_printf_percent$$00000004)
    .ARM.Collect$$_printf_percent$$00000005  0x080001f8   Section        6  _printf_g.o(.ARM.Collect$$_printf_percent$$00000005)
    .ARM.Collect$$_printf_percent$$00000006  0x080001fe   Section        6  _printf_a.o(.ARM.Collect$$_printf_percent$$00000006)
    .ARM.Collect$$_printf_percent$$00000007  0x08000204   Section       10  _printf_ll.o(.ARM.Collect$$_printf_percent$$00000007)
    .ARM.Collect$$_printf_percent$$00000008  0x0800020e   Section        6  _printf_i.o(.ARM.Collect$$_printf_percent$$00000008)
    .ARM.Collect$$_printf_percent$$00000009  0x08000214   Section        6  _printf_d.o(.ARM.Collect$$_printf_percent$$00000009)
    .ARM.Collect$$_printf_percent$$0000000A  0x0800021a   Section        6  _printf_u.o(.ARM.Collect$$_printf_percent$$0000000A)
    .ARM.Collect$$_printf_percent$$0000000B  0x08000220   Section        6  _printf_o.o(.ARM.Collect$$_printf_percent$$0000000B)
    .ARM.Collect$$_printf_percent$$0000000C  0x08000226   Section        6  _printf_x.o(.ARM.Collect$$_printf_percent$$0000000C)
    .ARM.Collect$$_printf_percent$$0000000D  0x0800022c   Section        6  _printf_lli.o(.ARM.Collect$$_printf_percent$$0000000D)
    .ARM.Collect$$_printf_percent$$0000000E  0x08000232   Section        6  _printf_lld.o(.ARM.Collect$$_printf_percent$$0000000E)
    .ARM.Collect$$_printf_percent$$0000000F  0x08000238   Section        6  _printf_llu.o(.ARM.Collect$$_printf_percent$$0000000F)
    .ARM.Collect$$_printf_percent$$00000010  0x0800023e   Section        6  _printf_llo.o(.ARM.Collect$$_printf_percent$$00000010)
    .ARM.Collect$$_printf_percent$$00000011  0x08000244   Section        6  _printf_llx.o(.ARM.Collect$$_printf_percent$$00000011)
    .ARM.Collect$$_printf_percent$$00000012  0x0800024a   Section       10  _printf_l.o(.ARM.Collect$$_printf_percent$$00000012)
    .ARM.Collect$$_printf_percent$$00000013  0x08000254   Section        6  _printf_c.o(.ARM.Collect$$_printf_percent$$00000013)
    .ARM.Collect$$_printf_percent$$00000014  0x0800025a   Section        6  _printf_s.o(.ARM.Collect$$_printf_percent$$00000014)
    .ARM.Collect$$_printf_percent$$00000015  0x08000260   Section        6  _printf_lc.o(.ARM.Collect$$_printf_percent$$00000015)
    .ARM.Collect$$_printf_percent$$00000016  0x08000266   Section        6  _printf_ls.o(.ARM.Collect$$_printf_percent$$00000016)
    .ARM.Collect$$_printf_percent$$00000017  0x0800026c   Section        4  _printf_percent_end.o(.ARM.Collect$$_printf_percent$$00000017)
    .ARM.Collect$$libinit$$00000000          0x08000270   Section        2  libinit.o(.ARM.Collect$$libinit$$00000000)
    .ARM.Collect$$libinit$$00000001          0x08000272   Section        4  libinit2.o(.ARM.Collect$$libinit$$00000001)
    .ARM.Collect$$libinit$$00000004          0x08000276   Section        0  libinit2.o(.ARM.Collect$$libinit$$00000004)
    .ARM.Collect$$libinit$$00000006          0x08000276   Section        0  libinit2.o(.ARM.Collect$$libinit$$00000006)
    .ARM.Collect$$libinit$$0000000C          0x08000276   Section        0  libinit2.o(.ARM.Collect$$libinit$$0000000C)
    .ARM.Collect$$libinit$$0000000E          0x08000276   Section        0  libinit2.o(.ARM.Collect$$libinit$$0000000E)
    .ARM.Collect$$libinit$$00000010          0x08000276   Section        0  libinit2.o(.ARM.Collect$$libinit$$00000010)
    .ARM.Collect$$libinit$$00000011          0x08000276   Section        6  libinit2.o(.ARM.Collect$$libinit$$00000011)
    .ARM.Collect$$libinit$$00000013          0x0800027c   Section        0  libinit2.o(.ARM.Collect$$libinit$$00000013)
    .ARM.Collect$$libinit$$00000014          0x0800027c   Section       12  libinit2.o(.ARM.Collect$$libinit$$00000014)
    .ARM.Collect$$libinit$$00000015          0x08000288   Section        0  libinit2.o(.ARM.Collect$$libinit$$00000015)
    .ARM.Collect$$libinit$$00000017          0x08000288   Section        0  libinit2.o(.ARM.Collect$$libinit$$00000017)
    .ARM.Collect$$libinit$$00000018          0x08000288   Section       10  libinit2.o(.ARM.Collect$$libinit$$00000018)
    .ARM.Collect$$libinit$$00000019          0x08000292   Section        0  libinit2.o(.ARM.Collect$$libinit$$00000019)
    .ARM.Collect$$libinit$$0000001B          0x08000292   Section        0  libinit2.o(.ARM.Collect$$libinit$$0000001B)
    .ARM.Collect$$libinit$$0000001D          0x08000292   Section        0  libinit2.o(.ARM.Collect$$libinit$$0000001D)
    .ARM.Collect$$libinit$$0000001F          0x08000292   Section        0  libinit2.o(.ARM.Collect$$libinit$$0000001F)
    .ARM.Collect$$libinit$$00000021          0x08000292   Section        0  libinit2.o(.ARM.Collect$$libinit$$00000021)
    .ARM.Collect$$libinit$$00000023          0x08000292   Section        0  libinit2.o(.ARM.Collect$$libinit$$00000023)
    .ARM.Collect$$libinit$$00000025          0x08000292   Section        0  libinit2.o(.ARM.Collect$$libinit$$00000025)
    .ARM.Collect$$libinit$$00000027          0x08000292   Section        0  libinit2.o(.ARM.Collect$$libinit$$00000027)
    .ARM.Collect$$libinit$$0000002E          0x08000292   Section        0  libinit2.o(.ARM.Collect$$libinit$$0000002E)
    .ARM.Collect$$libinit$$00000030          0x08000292   Section        0  libinit2.o(.ARM.Collect$$libinit$$00000030)
    .ARM.Collect$$libinit$$00000032          0x08000292   Section        0  libinit2.o(.ARM.Collect$$libinit$$00000032)
    .ARM.Collect$$libinit$$00000034          0x08000292   Section        0  libinit2.o(.ARM.Collect$$libinit$$00000034)
    .ARM.Collect$$libinit$$00000035          0x08000292   Section        2  libinit2.o(.ARM.Collect$$libinit$$00000035)
    .ARM.Collect$$libshutdown$$00000000      0x08000294   Section        2  libshutdown.o(.ARM.Collect$$libshutdown$$00000000)
    .ARM.Collect$$libshutdown$$00000002      0x08000296   Section        0  libshutdown2.o(.ARM.Collect$$libshutdown$$00000002)
    .ARM.Collect$$libshutdown$$00000004      0x08000296   Section        0  libshutdown2.o(.ARM.Collect$$libshutdown$$00000004)
    .ARM.Collect$$libshutdown$$00000007      0x08000296   Section        0  libshutdown2.o(.ARM.Collect$$libshutdown$$00000007)
    .ARM.Collect$$libshutdown$$0000000A      0x08000296   Section        0  libshutdown2.o(.ARM.Collect$$libshutdown$$0000000A)
    .ARM.Collect$$libshutdown$$0000000C      0x08000296   Section        0  libshutdown2.o(.ARM.Collect$$libshutdown$$0000000C)
    .ARM.Collect$$libshutdown$$0000000F      0x08000296   Section        0  libshutdown2.o(.ARM.Collect$$libshutdown$$0000000F)
    .ARM.Collect$$libshutdown$$00000010      0x08000296   Section        2  libshutdown2.o(.ARM.Collect$$libshutdown$$00000010)
    .ARM.Collect$$rtentry$$00000000          0x08000298   Section        0  __rtentry.o(.ARM.Collect$$rtentry$$00000000)
    .ARM.Collect$$rtentry$$00000002          0x08000298   Section        0  __rtentry2.o(.ARM.Collect$$rtentry$$00000002)
    .ARM.Collect$$rtentry$$00000004          0x08000298   Section        6  __rtentry4.o(.ARM.Collect$$rtentry$$00000004)
    .ARM.Collect$$rtentry$$00000009          0x0800029e   Section        0  __rtentry2.o(.ARM.Collect$$rtentry$$00000009)
    .ARM.Collect$$rtentry$$0000000A          0x0800029e   Section        4  __rtentry2.o(.ARM.Collect$$rtentry$$0000000A)
    .ARM.Collect$$rtentry$$0000000C          0x080002a2   Section        0  __rtentry2.o(.ARM.Collect$$rtentry$$0000000C)
    .ARM.Collect$$rtentry$$0000000D          0x080002a2   Section        8  __rtentry2.o(.ARM.Collect$$rtentry$$0000000D)
    .ARM.Collect$$rtexit$$00000000           0x080002aa   Section        2  rtexit.o(.ARM.Collect$$rtexit$$00000000)
    .ARM.Collect$$rtexit$$00000002           0x080002ac   Section        0  rtexit2.o(.ARM.Collect$$rtexit$$00000002)
    .ARM.Collect$$rtexit$$00000003           0x080002ac   Section        4  rtexit2.o(.ARM.Collect$$rtexit$$00000003)
    .ARM.Collect$$rtexit$$00000004           0x080002b0   Section        6  rtexit2.o(.ARM.Collect$$rtexit$$00000004)
    $v0                                      0x080002b8   Number         0  startup_stm32f407xx.o(.text)
    .text                                    0x080002b8   Section       64  startup_stm32f407xx.o(.text)
    .text                                    0x080002f8   Section        0  sprintf.o(.text)
    .text                                    0x08000324   Section        0  heapauxi.o(.text)
    .text                                    0x0800032a   Section        0  _printf_pad.o(.text)
    .text                                    0x08000378   Section        0  _printf_truncate.o(.text)
    .text                                    0x0800039c   Section        0  _printf_str.o(.text)
    .text                                    0x080003f0   Section        0  _printf_dec.o(.text)
    .text                                    0x08000468   Section        0  _printf_charcount.o(.text)
    _printf_input_char                       0x08000491   Thumb Code    10  _printf_char_common.o(.text)
    .text                                    0x08000490   Section        0  _printf_char_common.o(.text)
    .text                                    0x080004c0   Section        0  _sputc.o(.text)
    .text                                    0x080004cc   Section        0  _printf_wctomb.o(.text)
    .text                                    0x08000588   Section        0  _printf_longlong_dec.o(.text)
    _printf_longlong_oct_internal            0x08000605   Thumb Code     0  _printf_oct_int_ll.o(.text)
    .text                                    0x08000604   Section        0  _printf_oct_int_ll.o(.text)
    _printf_hex_common                       0x08000675   Thumb Code     0  _printf_hex_int_ll_ptr.o(.text)
    .text                                    0x08000674   Section        0  _printf_hex_int_ll_ptr.o(.text)
    .text                                    0x08000708   Section        0  __printf_flags_ss_wp.o(.text)
    .text                                    0x08000890   Section      138  lludiv10.o(.text)
    .text                                    0x0800091a   Section        0  _printf_intcommon.o(.text)
    _fp_digits                               0x080009cd   Thumb Code   432  _printf_fp_dec.o(.text)
    .text                                    0x080009cc   Section        0  _printf_fp_dec.o(.text)
    .text                                    0x08000de8   Section        0  _printf_fp_hex.o(.text)
    .text                                    0x080010e4   Section        0  _printf_char.o(.text)
    .text                                    0x08001110   Section        0  _printf_wchar.o(.text)
    .text                                    0x0800113c   Section        0  _c16rtomb.o(.text)
    .text                                    0x08001184   Section       74  sys_stackheap_outer.o(.text)
    .text                                    0x080011d0   Section       16  rt_ctype_table.o(.text)
    .text                                    0x080011e0   Section        8  rt_locale_intlibspace.o(.text)
    .text                                    0x080011e8   Section        0  _printf_fp_infnan.o(.text)
    .text                                    0x08001268   Section        0  bigflt0.o(.text)
    .text                                    0x0800134c   Section        0  exit.o(.text)
    .text                                    0x08001360   Section        8  libspace.o(.text)
    .text                                    0x08001368   Section      124  strcmpv7em.o(.text)
    .text                                    0x080013e4   Section        0  sys_exit.o(.text)
    .text                                    0x080013f0   Section        2  use_no_semi.o(.text)
    .text                                    0x080013f2   Section        0  indicate_semi.o(.text)
    [Anonymous Symbol]                       0x080013f4   Section        0  accelerometer.o(.text.ACC_Init)
    [Anonymous Symbol]                       0x08001404   Section        0  accelerometer.o(.text.ACC_Read)
    [Anonymous Symbol]                       0x08001494   Section        0  adc.o(.text.ADC_Poll)
    [Anonymous Symbol]                       0x080014e4   Section        0  adc.o(.text.ADC_init)
    [Anonymous Symbol]                       0x0800156c   Section        0  lcd.o(.text.BF_check)
    [Anonymous Symbol]                       0x080015e8   Section        0  rpg.o(.text.DUTY_Increment)
    [Anonymous Symbol]                       0x080015f8   Section        0  rpg.o(.text.EXTI15_10_IRQHandler)
    [Anonymous Symbol]                       0x0800163c   Section        0  rpg.o(.text.EXTI9_5_IRQHandler)
    [Anonymous Symbol]                       0x08001898   Section        0  lcd.o(.text.LCD_clear)
    [Anonymous Symbol]                       0x080018a8   Section        0  lcd.o(.text.LCD_place_cursor)
    [Anonymous Symbol]                       0x08001930   Section        0  lcd.o(.text.LCD_sendData)
    [Anonymous Symbol]                       0x0800199c   Section        0  lcd.o(.text.LCD_sendInstr)
    [Anonymous Symbol]                       0x080019e4   Section        0  lcd.o(.text.LCD_send_String)
    [Anonymous Symbol]                       0x08001a14   Section        0  lcd.o(.text.LCD_send_floatString)
    [Anonymous Symbol]                       0x08001a74   Section        0  lcd.o(.text.LCD_send_intString)
    [Anonymous Symbol]                       0x08001abc   Section        0  led.o(.text.LED_BLUE_enable)
    [Anonymous Symbol]                       0x08001b04   Section        0  led.o(.text.LED_GREEN_enable)
    [Anonymous Symbol]                       0x08001b4c   Section        0  led.o(.text.LED_ON)
    [Anonymous Symbol]                       0x08001b6c   Section        0  led.o(.text.LED_ORANGE_enable)
    [Anonymous Symbol]                       0x08001bb4   Section        0  led.o(.text.LED_RED_enable)
    [Anonymous Symbol]                       0x08001bfc   Section        0  led.o(.text.LED_init)
    [Anonymous Symbol]                       0x08001c10   Section        0  led.o(.text.LED_toggle)
    [Anonymous Symbol]                       0x08001c34   Section        0  motor.o(.text.Motor_backward)
    [Anonymous Symbol]                       0x08001c50   Section        0  motor.o(.text.Motor_forward)
    [Anonymous Symbol]                       0x08001c6c   Section        0  motor.o(.text.Motor_stop)
    [Anonymous Symbol]                       0x08001c80   Section        0  lcd.o(.text.PIN_clear)
    [Anonymous Symbol]                       0x08001ca0   Section        0  lcd.o(.text.PIN_set)
    [Anonymous Symbol]                       0x08001cc0   Section        0  accelerometer.o(.text.SPI_Init)
    [Anonymous Symbol]                       0x08001d0c   Section        0  accelerometer.o(.text.SPI_Port_Init)
    [Anonymous Symbol]                       0x08001d60   Section        0  accelerometer.o(.text.SPI_Send)
    [Anonymous Symbol]                       0x08001da0   Section        0  system_stm32f4xx.o(.text.SystemInit)
    [Anonymous Symbol]                       0x08001e10   Section        0  timer.o(.text.TIM2_IRQHandler)
    [Anonymous Symbol]                       0x08001fbc   Section        0  timer.o(.text.TIM3_IRQHandler)
    [Anonymous Symbol]                       0x08002020   Section        0  timer.o(.text.TIM3_init)
    [Anonymous Symbol]                       0x080020d8   Section        0  timer.o(.text.TIM6_DAC_IRQHandler)
    [Anonymous Symbol]                       0x08002110   Section        0  timer.o(.text.TIM6_init)
    __NVIC_ClearPendingIRQ                   0x08002189   Thumb Code    48  rpg.o(.text.__NVIC_ClearPendingIRQ)
    [Anonymous Symbol]                       0x08002188   Section        0  rpg.o(.text.__NVIC_ClearPendingIRQ)
    __NVIC_ClearPendingIRQ                   0x080021b9   Thumb Code    48  timer.o(.text.__NVIC_ClearPendingIRQ)
    [Anonymous Symbol]                       0x080021b8   Section        0  timer.o(.text.__NVIC_ClearPendingIRQ)
    __NVIC_EnableIRQ                         0x080021e9   Thumb Code    48  timer.o(.text.__NVIC_EnableIRQ)
    [Anonymous Symbol]                       0x080021e8   Section        0  timer.o(.text.__NVIC_EnableIRQ)
    __NVIC_SetPriority                       0x08002219   Thumb Code    66  timer.o(.text.__NVIC_SetPriority)
    [Anonymous Symbol]                       0x08002218   Section        0  timer.o(.text.__NVIC_SetPriority)
    [Anonymous Symbol]                       0x0800225c   Section        0  lab3_main.o(.text.main)
    [Anonymous Symbol]                       0x080022e8   Section        0  accelerometer.o(.text.setCS)
    CL$$btod_d2e                             0x08002324   Section       62  btod.o(CL$$btod_d2e)
    CL$$btod_d2e_denorm_low                  0x08002362   Section       70  btod.o(CL$$btod_d2e_denorm_low)
    CL$$btod_d2e_norm_op1                    0x080023a8   Section       96  btod.o(CL$$btod_d2e_norm_op1)
    CL$$btod_div_common                      0x08002408   Section      824  btod.o(CL$$btod_div_common)
    CL$$btod_e2e                             0x08002740   Section      220  btod.o(CL$$btod_e2e)
    CL$$btod_ediv                            0x0800281c   Section       42  btod.o(CL$$btod_ediv)
    CL$$btod_emul                            0x08002846   Section       42  btod.o(CL$$btod_emul)
    CL$$btod_mult_common                     0x08002870   Section      580  btod.o(CL$$btod_mult_common)
    i.__ARM_fpclassify                       0x08002ab4   Section        0  fpclassify.o(i.__ARM_fpclassify)
    i._is_digit                              0x08002ae4   Section        0  __printf_wp.o(i._is_digit)
    locale$$code                             0x08002af4   Section       44  lc_numeric_c.o(locale$$code)
    locale$$code                             0x08002b20   Section       44  lc_ctype_c.o(locale$$code)
    $v0                                      0x08002b4c   Number         0  dretinf.o(x$fpl$dretinf)
    x$fpl$dretinf                            0x08002b4c   Section       12  dretinf.o(x$fpl$dretinf)
    $v0                                      0x08002b58   Number         0  f2d.o(x$fpl$f2d)
    x$fpl$f2d                                0x08002b58   Section       86  f2d.o(x$fpl$f2d)
    $v0                                      0x08002bae   Number         0  fnaninf.o(x$fpl$fnaninf)
    x$fpl$fnaninf                            0x08002bae   Section      140  fnaninf.o(x$fpl$fnaninf)
    $v0                                      0x08002c3a   Number         0  fpinit.o(x$fpl$fpinit)
    x$fpl$fpinit                             0x08002c3a   Section       26  fpinit.o(x$fpl$fpinit)
    $v0                                      0x08002c54   Number         0  printf1.o(x$fpl$printf1)
    x$fpl$printf1                            0x08002c54   Section        4  printf1.o(x$fpl$printf1)
    $v0                                      0x08002c58   Number         0  printf2.o(x$fpl$printf2)
    x$fpl$printf2                            0x08002c58   Section        4  printf2.o(x$fpl$printf2)
    initial_mbstate                          0x08002c5c   Data           8  _printf_wctomb.o(.constdata)
    .constdata                               0x08002c5c   Section        8  _printf_wctomb.o(.constdata)
    x$fpl$usenofp                            0x08002c5c   Section        0  usenofp.o(x$fpl$usenofp)
    uc_hextab                                0x08002c64   Data          20  _printf_hex_int_ll_ptr.o(.constdata)
    .constdata                               0x08002c64   Section       40  _printf_hex_int_ll_ptr.o(.constdata)
    lc_hextab                                0x08002c78   Data          20  _printf_hex_int_ll_ptr.o(.constdata)
    maptable                                 0x08002c8c   Data          17  __printf_flags_ss_wp.o(.constdata)
    .constdata                               0x08002c8c   Section       17  __printf_flags_ss_wp.o(.constdata)
    lc_hextab                                0x08002c9d   Data          19  _printf_fp_hex.o(.constdata)
    .constdata                               0x08002c9d   Section       38  _printf_fp_hex.o(.constdata)
    uc_hextab                                0x08002cb0   Data          19  _printf_fp_hex.o(.constdata)
    tenpwrs_x                                0x08002cc4   Data          60  bigflt0.o(.constdata)
    .constdata                               0x08002cc4   Section      148  bigflt0.o(.constdata)
    tenpwrs_i                                0x08002d00   Data          64  bigflt0.o(.constdata)
    .L.str                                   0x08002d58   Data           3  lcd.o(.rodata.str1.1)
    [Anonymous Symbol]                       0x08002d58   Section        0  lcd.o(.rodata.str1.1)
    .L.str.1                                 0x08002d5b   Data           3  lcd.o(.rodata.str1.1)
    .L.str                                   0x08002d5e   Data           8  rpg.o(.rodata.str1.1)
    [Anonymous Symbol]                       0x08002d5e   Section        0  rpg.o(.rodata.str1.1)
    .L.str                                   0x08002d66   Data          10  timer.o(.rodata.str1.1)
    [Anonymous Symbol]                       0x08002d66   Section        0  timer.o(.rodata.str1.1)
    locale$$data                             0x08002d80   Section       28  lc_numeric_c.o(locale$$data)
    __lcnum_c_name                           0x08002d84   Data           2  lc_numeric_c.o(locale$$data)
    __lcnum_c_start                          0x08002d8c   Data           0  lc_numeric_c.o(locale$$data)
    __lcnum_c_point                          0x08002d98   Data           0  lc_numeric_c.o(locale$$data)
    __lcnum_c_thousands                      0x08002d9a   Data           0  lc_numeric_c.o(locale$$data)
    __lcnum_c_grouping                       0x08002d9b   Data           0  lc_numeric_c.o(locale$$data)
    __lcnum_c_end                            0x08002d9c   Data           0  lc_numeric_c.o(locale$$data)
    locale$$data                             0x08002d9c   Section      272  lc_ctype_c.o(locale$$data)
    __lcctype_c_name                         0x08002da0   Data           2  lc_ctype_c.o(locale$$data)
    __lcctype_c_start                        0x08002da8   Data           0  lc_ctype_c.o(locale$$data)
    __lcctype_c_end                          0x08002eac   Data           0  lc_ctype_c.o(locale$$data)
    .bss                                     0x20000000   Section       96  libspace.o(.bss)
    TIM2_IRQHandler.OVFLOW                   0x20000070   Data           4  timer.o(.bss.TIM2_IRQHandler.OVFLOW)
    [Anonymous Symbol]                       0x20000070   Section        0  timer.o(.bss.TIM2_IRQHandler.OVFLOW)
    Heap_Mem                                 0x20000858   Data         512  startup_stm32f407xx.o(HEAP)
    HEAP                                     0x20000858   Section      512  startup_stm32f407xx.o(HEAP)
    Stack_Mem                                0x20000a58   Data        1024  startup_stm32f407xx.o(STACK)
    STACK                                    0x20000a58   Section     1024  startup_stm32f407xx.o(STACK)
    __initial_sp                             0x20000e58   Data           0  startup_stm32f407xx.o(STACK)

    Global Symbols

    Symbol Name                              Value     Ov Type        Size  Object(Section)

    BuildAttributes$$THM_ISAv4$E$P$D$K$B$S$7EM$VFPi3$EXTD16$VFPS$VFMA$PE$A:L22UL41UL21$X:L11$S22US41US21$IEEE1$IW$~IW$USESV6$~STKCKD$USESV7$~SHL$OTIME$ROPI$IEEEJ$EBA8$UX$STANDARDLIB$REQ8$PRES8$EABIv2 0x00000000   Number         0  anon$$obj.o ABSOLUTE
    _printf_flags                            0x00000000   Number         0  printf_stubs.o ABSOLUTE
    _printf_return_value                     0x00000000   Number         0  printf_stubs.o ABSOLUTE
    _printf_sizespec                         0x00000000   Number         0  printf_stubs.o ABSOLUTE
    _printf_widthprec                        0x00000000   Number         0  printf_stubs.o ABSOLUTE
    __ARM_exceptions_init                     - Undefined Weak Reference
    __alloca_initialize                       - Undefined Weak Reference
    __arm_preinit_                            - Undefined Weak Reference
    __arm_relocate_pie_                       - Undefined Weak Reference
    __cpp_initialize__aeabi_                  - Undefined Weak Reference
    __cxa_finalize                            - Undefined Weak Reference
    __sigvec_lookup                           - Undefined Weak Reference
    _atexit_init                              - Undefined Weak Reference
    _call_atexit_fns                          - Undefined Weak Reference
    _clock_init                               - Undefined Weak Reference
    _fp_trap_init                             - Undefined Weak Reference
    _fp_trap_shutdown                         - Undefined Weak Reference
    _get_lc_collate                           - Undefined Weak Reference
    _get_lc_monetary                          - Undefined Weak Reference
    _get_lc_time                              - Undefined Weak Reference
    _getenv_init                              - Undefined Weak Reference
    _handle_redirection                       - Undefined Weak Reference
    _init_alloc                               - Undefined Weak Reference
    _init_user_alloc                          - Undefined Weak Reference
    _initio                                   - Undefined Weak Reference
    _printf_mbtowc                            - Undefined Weak Reference
    _printf_wc                                - Undefined Weak Reference
    _rand_init                                - Undefined Weak Reference
    _signal_finish                            - Undefined Weak Reference
    _signal_init                              - Undefined Weak Reference
    _terminate_alloc                          - Undefined Weak Reference
    _terminate_user_alloc                     - Undefined Weak Reference
    _terminateio                              - Undefined Weak Reference
    __Vectors_Size                           0x00000188   Number         0  startup_stm32f407xx.o ABSOLUTE
    __Vectors                                0x08000000   Data           4  startup_stm32f407xx.o(RESET)
    __Vectors_End                            0x08000188   Data           0  startup_stm32f407xx.o(RESET)
    __main                                   0x08000189   Thumb Code     8  __main.o(!!!main)
    __scatterload                            0x08000191   Thumb Code     0  __scatter.o(!!!scatter)
    __scatterload_rt2                        0x08000191   Thumb Code    44  __scatter.o(!!!scatter)
    __scatterload_rt2_thumb_only             0x08000191   Thumb Code     0  __scatter.o(!!!scatter)
    __scatterload_null                       0x0800019f   Thumb Code     0  __scatter.o(!!!scatter)
    __scatterload_zeroinit                   0x080001c5   Thumb Code    28  __scatter_zi.o(!!handler_zi)
    _printf_n                                0x080001e1   Thumb Code     0  _printf_n.o(.ARM.Collect$$_printf_percent$$00000001)
    _printf_percent                          0x080001e1   Thumb Code     0  _printf_percent.o(.ARM.Collect$$_printf_percent$$00000000)
    _printf_p                                0x080001e7   Thumb Code     0  _printf_p.o(.ARM.Collect$$_printf_percent$$00000002)
    _printf_f                                0x080001ed   Thumb Code     0  _printf_f.o(.ARM.Collect$$_printf_percent$$00000003)
    _printf_e                                0x080001f3   Thumb Code     0  _printf_e.o(.ARM.Collect$$_printf_percent$$00000004)
    _printf_g                                0x080001f9   Thumb Code     0  _printf_g.o(.ARM.Collect$$_printf_percent$$00000005)
    _printf_a                                0x080001ff   Thumb Code     0  _printf_a.o(.ARM.Collect$$_printf_percent$$00000006)
    _printf_ll                               0x08000205   Thumb Code     0  _printf_ll.o(.ARM.Collect$$_printf_percent$$00000007)
    _printf_i                                0x0800020f   Thumb Code     0  _printf_i.o(.ARM.Collect$$_printf_percent$$00000008)
    _printf_d                                0x08000215   Thumb Code     0  _printf_d.o(.ARM.Collect$$_printf_percent$$00000009)
    _printf_u                                0x0800021b   Thumb Code     0  _printf_u.o(.ARM.Collect$$_printf_percent$$0000000A)
    _printf_o                                0x08000221   Thumb Code     0  _printf_o.o(.ARM.Collect$$_printf_percent$$0000000B)
    _printf_x                                0x08000227   Thumb Code     0  _printf_x.o(.ARM.Collect$$_printf_percent$$0000000C)
    _printf_lli                              0x0800022d   Thumb Code     0  _printf_lli.o(.ARM.Collect$$_printf_percent$$0000000D)
    _printf_lld                              0x08000233   Thumb Code     0  _printf_lld.o(.ARM.Collect$$_printf_percent$$0000000E)
    _printf_llu                              0x08000239   Thumb Code     0  _printf_llu.o(.ARM.Collect$$_printf_percent$$0000000F)
    _printf_llo                              0x0800023f   Thumb Code     0  _printf_llo.o(.ARM.Collect$$_printf_percent$$00000010)
    _printf_llx                              0x08000245   Thumb Code     0  _printf_llx.o(.ARM.Collect$$_printf_percent$$00000011)
    _printf_l                                0x0800024b   Thumb Code     0  _printf_l.o(.ARM.Collect$$_printf_percent$$00000012)
    _printf_c                                0x08000255   Thumb Code     0  _printf_c.o(.ARM.Collect$$_printf_percent$$00000013)
    _printf_s                                0x0800025b   Thumb Code     0  _printf_s.o(.ARM.Collect$$_printf_percent$$00000014)
    _printf_lc                               0x08000261   Thumb Code     0  _printf_lc.o(.ARM.Collect$$_printf_percent$$00000015)
    _printf_ls                               0x08000267   Thumb Code     0  _printf_ls.o(.ARM.Collect$$_printf_percent$$00000016)
    _printf_percent_end                      0x0800026d   Thumb Code     0  _printf_percent_end.o(.ARM.Collect$$_printf_percent$$00000017)
    __rt_lib_init                            0x08000271   Thumb Code     0  libinit.o(.ARM.Collect$$libinit$$00000000)
    __rt_lib_init_fp_1                       0x08000273   Thumb Code     0  libinit2.o(.ARM.Collect$$libinit$$00000001)
    __rt_lib_init_heap_1                     0x08000277   Thumb Code     0  libinit2.o(.ARM.Collect$$libinit$$0000000C)
    __rt_lib_init_lc_common                  0x08000277   Thumb Code     0  libinit2.o(.ARM.Collect$$libinit$$00000011)
    __rt_lib_init_preinit_1                  0x08000277   Thumb Code     0  libinit2.o(.ARM.Collect$$libinit$$00000006)
    __rt_lib_init_rand_1                     0x08000277   Thumb Code     0  libinit2.o(.ARM.Collect$$libinit$$00000010)
    __rt_lib_init_relocate_pie_1             0x08000277   Thumb Code     0  libinit2.o(.ARM.Collect$$libinit$$00000004)
    __rt_lib_init_user_alloc_1               0x08000277   Thumb Code     0  libinit2.o(.ARM.Collect$$libinit$$0000000E)
    __rt_lib_init_lc_collate_1               0x0800027d   Thumb Code     0  libinit2.o(.ARM.Collect$$libinit$$00000013)
    __rt_lib_init_lc_ctype_2                 0x0800027d   Thumb Code     0  libinit2.o(.ARM.Collect$$libinit$$00000014)
    __rt_lib_init_lc_ctype_1                 0x08000289   Thumb Code     0  libinit2.o(.ARM.Collect$$libinit$$00000015)
    __rt_lib_init_lc_monetary_1              0x08000289   Thumb Code     0  libinit2.o(.ARM.Collect$$libinit$$00000017)
    __rt_lib_init_lc_numeric_2               0x08000289   Thumb Code     0  libinit2.o(.ARM.Collect$$libinit$$00000018)
    __rt_lib_init_alloca_1                   0x08000293   Thumb Code     0  libinit2.o(.ARM.Collect$$libinit$$00000030)
    __rt_lib_init_argv_1                     0x08000293   Thumb Code     0  libinit2.o(.ARM.Collect$$libinit$$0000002E)
    __rt_lib_init_atexit_1                   0x08000293   Thumb Code     0  libinit2.o(.ARM.Collect$$libinit$$0000001D)
    __rt_lib_init_clock_1                    0x08000293   Thumb Code     0  libinit2.o(.ARM.Collect$$libinit$$00000023)
    __rt_lib_init_cpp_1                      0x08000293   Thumb Code     0  libinit2.o(.ARM.Collect$$libinit$$00000034)
    __rt_lib_init_exceptions_1               0x08000293   Thumb Code     0  libinit2.o(.ARM.Collect$$libinit$$00000032)
    __rt_lib_init_fp_trap_1                  0x08000293   Thumb Code     0  libinit2.o(.ARM.Collect$$libinit$$00000021)
    __rt_lib_init_getenv_1                   0x08000293   Thumb Code     0  libinit2.o(.ARM.Collect$$libinit$$00000025)
    __rt_lib_init_lc_numeric_1               0x08000293   Thumb Code     0  libinit2.o(.ARM.Collect$$libinit$$00000019)
    __rt_lib_init_lc_time_1                  0x08000293   Thumb Code     0  libinit2.o(.ARM.Collect$$libinit$$0000001B)
    __rt_lib_init_return                     0x08000293   Thumb Code     0  libinit2.o(.ARM.Collect$$libinit$$00000035)
    __rt_lib_init_signal_1                   0x08000293   Thumb Code     0  libinit2.o(.ARM.Collect$$libinit$$0000001F)
    __rt_lib_init_stdio_1                    0x08000293   Thumb Code     0  libinit2.o(.ARM.Collect$$libinit$$00000027)
    __rt_lib_shutdown                        0x08000295   Thumb Code     0  libshutdown.o(.ARM.Collect$$libshutdown$$00000000)
    __rt_lib_shutdown_cpp_1                  0x08000297   Thumb Code     0  libshutdown2.o(.ARM.Collect$$libshutdown$$00000002)
    __rt_lib_shutdown_fp_trap_1              0x08000297   Thumb Code     0  libshutdown2.o(.ARM.Collect$$libshutdown$$00000007)
    __rt_lib_shutdown_heap_1                 0x08000297   Thumb Code     0  libshutdown2.o(.ARM.Collect$$libshutdown$$0000000F)
    __rt_lib_shutdown_return                 0x08000297   Thumb Code     0  libshutdown2.o(.ARM.Collect$$libshutdown$$00000010)
    __rt_lib_shutdown_signal_1               0x08000297   Thumb Code     0  libshutdown2.o(.ARM.Collect$$libshutdown$$0000000A)
    __rt_lib_shutdown_stdio_1                0x08000297   Thumb Code     0  libshutdown2.o(.ARM.Collect$$libshutdown$$00000004)
    __rt_lib_shutdown_user_alloc_1           0x08000297   Thumb Code     0  libshutdown2.o(.ARM.Collect$$libshutdown$$0000000C)
    __rt_entry                               0x08000299   Thumb Code     0  __rtentry.o(.ARM.Collect$$rtentry$$00000000)
    __rt_entry_presh_1                       0x08000299   Thumb Code     0  __rtentry2.o(.ARM.Collect$$rtentry$$00000002)
    __rt_entry_sh                            0x08000299   Thumb Code     0  __rtentry4.o(.ARM.Collect$$rtentry$$00000004)
    __rt_entry_li                            0x0800029f   Thumb Code     0  __rtentry2.o(.ARM.Collect$$rtentry$$0000000A)
    __rt_entry_postsh_1                      0x0800029f   Thumb Code     0  __rtentry2.o(.ARM.Collect$$rtentry$$00000009)
    __rt_entry_main                          0x080002a3   Thumb Code     0  __rtentry2.o(.ARM.Collect$$rtentry$$0000000D)
    __rt_entry_postli_1                      0x080002a3   Thumb Code     0  __rtentry2.o(.ARM.Collect$$rtentry$$0000000C)
    __rt_exit                                0x080002ab   Thumb Code     0  rtexit.o(.ARM.Collect$$rtexit$$00000000)
    __rt_exit_ls                             0x080002ad   Thumb Code     0  rtexit2.o(.ARM.Collect$$rtexit$$00000003)
    __rt_exit_prels_1                        0x080002ad   Thumb Code     0  rtexit2.o(.ARM.Collect$$rtexit$$00000002)
    __rt_exit_exit                           0x080002b1   Thumb Code     0  rtexit2.o(.ARM.Collect$$rtexit$$00000004)
    Reset_Handler                            0x080002b9   Thumb Code     8  startup_stm32f407xx.o(.text)
    NMI_Handler                              0x080002c1   Thumb Code     2  startup_stm32f407xx.o(.text)
    HardFault_Handler                        0x080002c3   Thumb Code     2  startup_stm32f407xx.o(.text)
    MemManage_Handler                        0x080002c5   Thumb Code     2  startup_stm32f407xx.o(.text)
    BusFault_Handler                         0x080002c7   Thumb Code     2  startup_stm32f407xx.o(.text)
    UsageFault_Handler                       0x080002c9   Thumb Code     2  startup_stm32f407xx.o(.text)
    SVC_Handler                              0x080002cb   Thumb Code     2  startup_stm32f407xx.o(.text)
    DebugMon_Handler                         0x080002cd   Thumb Code     2  startup_stm32f407xx.o(.text)
    PendSV_Handler                           0x080002cf   Thumb Code     2  startup_stm32f407xx.o(.text)
    SysTick_Handler                          0x080002d1   Thumb Code     2  startup_stm32f407xx.o(.text)
    ADC_IRQHandler                           0x080002d3   Thumb Code     0  startup_stm32f407xx.o(.text)
    CAN1_RX0_IRQHandler                      0x080002d3   Thumb Code     0  startup_stm32f407xx.o(.text)
    CAN1_RX1_IRQHandler                      0x080002d3   Thumb Code     0  startup_stm32f407xx.o(.text)
    CAN1_SCE_IRQHandler                      0x080002d3   Thumb Code     0  startup_stm32f407xx.o(.text)
    CAN1_TX_IRQHandler                       0x080002d3   Thumb Code     0  startup_stm32f407xx.o(.text)
    CAN2_RX0_IRQHandler                      0x080002d3   Thumb Code     0  startup_stm32f407xx.o(.text)
    CAN2_RX1_IRQHandler                      0x080002d3   Thumb Code     0  startup_stm32f407xx.o(.text)
    CAN2_SCE_IRQHandler                      0x080002d3   Thumb Code     0  startup_stm32f407xx.o(.text)
    CAN2_TX_IRQHandler                       0x080002d3   Thumb Code     0  startup_stm32f407xx.o(.text)
    DCMI_IRQHandler                          0x080002d3   Thumb Code     0  startup_stm32f407xx.o(.text)
    DMA1_Stream0_IRQHandler                  0x080002d3   Thumb Code     0  startup_stm32f407xx.o(.text)
    DMA1_Stream1_IRQHandler                  0x080002d3   Thumb Code     0  startup_stm32f407xx.o(.text)
    DMA1_Stream2_IRQHandler                  0x080002d3   Thumb Code     0  startup_stm32f407xx.o(.text)
    DMA1_Stream3_IRQHandler                  0x080002d3   Thumb Code     0  startup_stm32f407xx.o(.text)
    DMA1_Stream4_IRQHandler                  0x080002d3   Thumb Code     0  startup_stm32f407xx.o(.text)
    DMA1_Stream5_IRQHandler                  0x080002d3   Thumb Code     0  startup_stm32f407xx.o(.text)
    DMA1_Stream6_IRQHandler                  0x080002d3   Thumb Code     0  startup_stm32f407xx.o(.text)
    DMA1_Stream7_IRQHandler                  0x080002d3   Thumb Code     0  startup_stm32f407xx.o(.text)
    DMA2_Stream0_IRQHandler                  0x080002d3   Thumb Code     0  startup_stm32f407xx.o(.text)
    DMA2_Stream1_IRQHandler                  0x080002d3   Thumb Code     0  startup_stm32f407xx.o(.text)
    DMA2_Stream2_IRQHandler                  0x080002d3   Thumb Code     0  startup_stm32f407xx.o(.text)
    DMA2_Stream3_IRQHandler                  0x080002d3   Thumb Code     0  startup_stm32f407xx.o(.text)
    DMA2_Stream4_IRQHandler                  0x080002d3   Thumb Code     0  startup_stm32f407xx.o(.text)
    DMA2_Stream5_IRQHandler                  0x080002d3   Thumb Code     0  startup_stm32f407xx.o(.text)
    DMA2_Stream6_IRQHandler                  0x080002d3   Thumb Code     0  startup_stm32f407xx.o(.text)
    DMA2_Stream7_IRQHandler                  0x080002d3   Thumb Code     0  startup_stm32f407xx.o(.text)
    ETH_IRQHandler                           0x080002d3   Thumb Code     0  startup_stm32f407xx.o(.text)
    ETH_WKUP_IRQHandler                      0x080002d3   Thumb Code     0  startup_stm32f407xx.o(.text)
    EXTI0_IRQHandler                         0x080002d3   Thumb Code     0  startup_stm32f407xx.o(.text)
    EXTI1_IRQHandler                         0x080002d3   Thumb Code     0  startup_stm32f407xx.o(.text)
    EXTI2_IRQHandler                         0x080002d3   Thumb Code     0  startup_stm32f407xx.o(.text)
    EXTI3_IRQHandler                         0x080002d3   Thumb Code     0  startup_stm32f407xx.o(.text)
    EXTI4_IRQHandler                         0x080002d3   Thumb Code     0  startup_stm32f407xx.o(.text)
    FLASH_IRQHandler                         0x080002d3   Thumb Code     0  startup_stm32f407xx.o(.text)
    FMC_IRQHandler                           0x080002d3   Thumb Code     0  startup_stm32f407xx.o(.text)
    FPU_IRQHandler                           0x080002d3   Thumb Code     0  startup_stm32f407xx.o(.text)
    HASH_RNG_IRQHandler                      0x080002d3   Thumb Code     0  startup_stm32f407xx.o(.text)
    I2C1_ER_IRQHandler                       0x080002d3   Thumb Code     0  startup_stm32f407xx.o(.text)
    I2C1_EV_IRQHandler                       0x080002d3   Thumb Code     0  startup_stm32f407xx.o(.text)
    I2C2_ER_IRQHandler                       0x080002d3   Thumb Code     0  startup_stm32f407xx.o(.text)
    I2C2_EV_IRQHandler                       0x080002d3   Thumb Code     0  startup_stm32f407xx.o(.text)
    I2C3_ER_IRQHandler                       0x080002d3   Thumb Code     0  startup_stm32f407xx.o(.text)
    I2C3_EV_IRQHandler                       0x080002d3   Thumb Code     0  startup_stm32f407xx.o(.text)
    OTG_FS_IRQHandler                        0x080002d3   Thumb Code     0  startup_stm32f407xx.o(.text)
    OTG_FS_WKUP_IRQHandler                   0x080002d3   Thumb Code     0  startup_stm32f407xx.o(.text)
    OTG_HS_EP1_IN_IRQHandler                 0x080002d3   Thumb Code     0  startup_stm32f407xx.o(.text)
    OTG_HS_EP1_OUT_IRQHandler                0x080002d3   Thumb Code     0  startup_stm32f407xx.o(.text)
    OTG_HS_IRQHandler                        0x080002d3   Thumb Code     0  startup_stm32f407xx.o(.text)
    OTG_HS_WKUP_IRQHandler                   0x080002d3   Thumb Code     0  startup_stm32f407xx.o(.text)
    PVD_IRQHandler                           0x080002d3   Thumb Code     0  startup_stm32f407xx.o(.text)
    RCC_IRQHandler                           0x080002d3   Thumb Code     0  startup_stm32f407xx.o(.text)
    RTC_Alarm_IRQHandler                     0x080002d3   Thumb Code     0  startup_stm32f407xx.o(.text)
    RTC_WKUP_IRQHandler                      0x080002d3   Thumb Code     0  startup_stm32f407xx.o(.text)
    SDIO_IRQHandler                          0x080002d3   Thumb Code     0  startup_stm32f407xx.o(.text)
    SPI1_IRQHandler                          0x080002d3   Thumb Code     0  startup_stm32f407xx.o(.text)
    SPI2_IRQHandler                          0x080002d3   Thumb Code     0  startup_stm32f407xx.o(.text)
    SPI3_IRQHandler                          0x080002d3   Thumb Code     0  startup_stm32f407xx.o(.text)
    TAMP_STAMP_IRQHandler                    0x080002d3   Thumb Code     0  startup_stm32f407xx.o(.text)
    TIM1_BRK_TIM9_IRQHandler                 0x080002d3   Thumb Code     0  startup_stm32f407xx.o(.text)
    TIM1_CC_IRQHandler                       0x080002d3   Thumb Code     0  startup_stm32f407xx.o(.text)
    TIM1_TRG_COM_TIM11_IRQHandler            0x080002d3   Thumb Code     0  startup_stm32f407xx.o(.text)
    TIM1_UP_TIM10_IRQHandler                 0x080002d3   Thumb Code     0  startup_stm32f407xx.o(.text)
    TIM4_IRQHandler                          0x080002d3   Thumb Code     0  startup_stm32f407xx.o(.text)
    TIM5_IRQHandler                          0x080002d3   Thumb Code     0  startup_stm32f407xx.o(.text)
    TIM7_IRQHandler                          0x080002d3   Thumb Code     0  startup_stm32f407xx.o(.text)
    TIM8_BRK_TIM12_IRQHandler                0x080002d3   Thumb Code     0  startup_stm32f407xx.o(.text)
    TIM8_CC_IRQHandler                       0x080002d3   Thumb Code     0  startup_stm32f407xx.o(.text)
    TIM8_TRG_COM_TIM14_IRQHandler            0x080002d3   Thumb Code     0  startup_stm32f407xx.o(.text)
    TIM8_UP_TIM13_IRQHandler                 0x080002d3   Thumb Code     0  startup_stm32f407xx.o(.text)
    UART4_IRQHandler                         0x080002d3   Thumb Code     0  startup_stm32f407xx.o(.text)
    UART5_IRQHandler                         0x080002d3   Thumb Code     0  startup_stm32f407xx.o(.text)
    USART1_IRQHandler                        0x080002d3   Thumb Code     0  startup_stm32f407xx.o(.text)
    USART2_IRQHandler                        0x080002d3   Thumb Code     0  startup_stm32f407xx.o(.text)
    USART3_IRQHandler                        0x080002d3   Thumb Code     0  startup_stm32f407xx.o(.text)
    USART6_IRQHandler                        0x080002d3   Thumb Code     0  startup_stm32f407xx.o(.text)
    WWDG_IRQHandler                          0x080002d3   Thumb Code     0  startup_stm32f407xx.o(.text)
    __user_initial_stackheap                 0x080002d5   Thumb Code     0  startup_stm32f407xx.o(.text)
    sprintf                                  0x080002f9   Thumb Code    38  sprintf.o(.text)
    __use_two_region_memory                  0x08000325   Thumb Code     2  heapauxi.o(.text)
    __rt_heap_escrow$2region                 0x08000327   Thumb Code     2  heapauxi.o(.text)
    __rt_heap_expand$2region                 0x08000329   Thumb Code     2  heapauxi.o(.text)
    _printf_pre_padding                      0x0800032b   Thumb Code    44  _printf_pad.o(.text)
    _printf_post_padding                     0x08000357   Thumb Code    34  _printf_pad.o(.text)
    _printf_truncate_signed                  0x08000379   Thumb Code    18  _printf_truncate.o(.text)
    _printf_truncate_unsigned                0x0800038b   Thumb Code    18  _printf_truncate.o(.text)
    _printf_str                              0x0800039d   Thumb Code    82  _printf_str.o(.text)
    _printf_int_dec                          0x080003f1   Thumb Code   104  _printf_dec.o(.text)
    _printf_charcount                        0x08000469   Thumb Code    40  _printf_charcount.o(.text)
    _printf_char_common                      0x0800049b   Thumb Code    32  _printf_char_common.o(.text)
    _sputc                                   0x080004c1   Thumb Code    10  _sputc.o(.text)
    _printf_wctomb                           0x080004cd   Thumb Code   182  _printf_wctomb.o(.text)
    _printf_longlong_dec                     0x08000589   Thumb Code   108  _printf_longlong_dec.o(.text)
    _printf_longlong_oct                     0x08000605   Thumb Code    68  _printf_oct_int_ll.o(.text)
    _printf_int_oct                          0x08000649   Thumb Code    24  _printf_oct_int_ll.o(.text)
    _printf_ll_oct                           0x08000661   Thumb Code    12  _printf_oct_int_ll.o(.text)
    _printf_longlong_hex                     0x08000675   Thumb Code    86  _printf_hex_int_ll_ptr.o(.text)
    _printf_int_hex                          0x080006cb   Thumb Code    28  _printf_hex_int_ll_ptr.o(.text)
    _printf_ll_hex                           0x080006e7   Thumb Code    12  _printf_hex_int_ll_ptr.o(.text)
    _printf_hex_ptr                          0x080006f3   Thumb Code    18  _printf_hex_int_ll_ptr.o(.text)
    __printf                                 0x08000709   Thumb Code   388  __printf_flags_ss_wp.o(.text)
    _ll_udiv10                               0x08000891   Thumb Code   138  lludiv10.o(.text)
    _printf_int_common                       0x0800091b   Thumb Code   178  _printf_intcommon.o(.text)
    _printf_fp_dec_real                      0x08000b7d   Thumb Code   620  _printf_fp_dec.o(.text)
    _printf_fp_hex_real                      0x08000de9   Thumb Code   756  _printf_fp_hex.o(.text)
    _printf_cs_common                        0x080010e5   Thumb Code    20  _printf_char.o(.text)
    _printf_char                             0x080010f9   Thumb Code    16  _printf_char.o(.text)
    _printf_string                           0x08001109   Thumb Code     8  _printf_char.o(.text)
    _printf_lcs_common                       0x08001111   Thumb Code    20  _printf_wchar.o(.text)
    _printf_wchar                            0x08001125   Thumb Code    16  _printf_wchar.o(.text)
    _printf_wstring                          0x08001135   Thumb Code     8  _printf_wchar.o(.text)
    _c16rtomb                                0x0800113d   Thumb Code    72  _c16rtomb.o(.text)
    _wcrtomb                                 0x0800113d   Thumb Code     0  _c16rtomb.o(.text)
    __user_setup_stackheap                   0x08001185   Thumb Code    74  sys_stackheap_outer.o(.text)
    __rt_ctype_table                         0x080011d1   Thumb Code    16  rt_ctype_table.o(.text)
    __rt_locale                              0x080011e1   Thumb Code     8  rt_locale_intlibspace.o(.text)
    _printf_fp_infnan                        0x080011e9   Thumb Code   112  _printf_fp_infnan.o(.text)
    _btod_etento                             0x08001269   Thumb Code   224  bigflt0.o(.text)
    exit                                     0x0800134d   Thumb Code    18  exit.o(.text)
    __user_libspace                          0x08001361   Thumb Code     8  libspace.o(.text)
    __user_perproc_libspace                  0x08001361   Thumb Code     0  libspace.o(.text)
    __user_perthread_libspace                0x08001361   Thumb Code     0  libspace.o(.text)
    strcmp                                   0x08001369   Thumb Code   124  strcmpv7em.o(.text)
    _sys_exit                                0x080013e5   Thumb Code     8  sys_exit.o(.text)
    __I$use$semihosting                      0x080013f1   Thumb Code     0  use_no_semi.o(.text)
    __use_no_semihosting_swi                 0x080013f1   Thumb Code     2  use_no_semi.o(.text)
    __semihosting_library_function           0x080013f3   Thumb Code     0  indicate_semi.o(.text)
    ACC_Init                                 0x080013f5   Thumb Code    16  accelerometer.o(.text.ACC_Init)
    ACC_Read                                 0x08001405   Thumb Code   144  accelerometer.o(.text.ACC_Read)
    ADC_Poll                                 0x08001495   Thumb Code    80  adc.o(.text.ADC_Poll)
    ADC_init                                 0x080014e5   Thumb Code   136  adc.o(.text.ADC_init)
    BF_check                                 0x0800156d   Thumb Code   124  lcd.o(.text.BF_check)
    DUTY_Increment                           0x080015e9   Thumb Code    14  rpg.o(.text.DUTY_Increment)
    EXTI15_10_IRQHandler                     0x080015f9   Thumb Code    66  rpg.o(.text.EXTI15_10_IRQHandler)
    EXTI9_5_IRQHandler                       0x0800163d   Thumb Code   604  rpg.o(.text.EXTI9_5_IRQHandler)
    LCD_clear                                0x08001899   Thumb Code    16  lcd.o(.text.LCD_clear)
    LCD_place_cursor                         0x080018a9   Thumb Code   134  lcd.o(.text.LCD_place_cursor)
    LCD_sendData                             0x08001931   Thumb Code   108  lcd.o(.text.LCD_sendData)
    LCD_sendInstr                            0x0800199d   Thumb Code    72  lcd.o(.text.LCD_sendInstr)
    LCD_send_String                          0x080019e5   Thumb Code    48  lcd.o(.text.LCD_send_String)
    LCD_send_floatString                     0x08001a15   Thumb Code    94  lcd.o(.text.LCD_send_floatString)
    LCD_send_intString                       0x08001a75   Thumb Code    72  lcd.o(.text.LCD_send_intString)
    LED_BLUE_enable                          0x08001abd   Thumb Code    70  led.o(.text.LED_BLUE_enable)
    LED_GREEN_enable                         0x08001b05   Thumb Code    70  led.o(.text.LED_GREEN_enable)
    LED_ON                                   0x08001b4d   Thumb Code    30  led.o(.text.LED_ON)
    LED_ORANGE_enable                        0x08001b6d   Thumb Code    70  led.o(.text.LED_ORANGE_enable)
    LED_RED_enable                           0x08001bb5   Thumb Code    70  led.o(.text.LED_RED_enable)
    LED_init                                 0x08001bfd   Thumb Code    20  led.o(.text.LED_init)
    LED_toggle                               0x08001c11   Thumb Code    34  led.o(.text.LED_toggle)
    Motor_backward                           0x08001c35   Thumb Code    26  motor.o(.text.Motor_backward)
    Motor_forward                            0x08001c51   Thumb Code    26  motor.o(.text.Motor_forward)
    Motor_stop                               0x08001c6d   Thumb Code    18  motor.o(.text.Motor_stop)
    PIN_clear                                0x08001c81   Thumb Code    30  lcd.o(.text.PIN_clear)
    PIN_set                                  0x08001ca1   Thumb Code    30  lcd.o(.text.PIN_set)
    SPI_Init                                 0x08001cc1   Thumb Code    74  accelerometer.o(.text.SPI_Init)
    SPI_Port_Init                            0x08001d0d   Thumb Code    82  accelerometer.o(.text.SPI_Port_Init)
    SPI_Send                                 0x08001d61   Thumb Code    62  accelerometer.o(.text.SPI_Send)
    SystemInit                               0x08001da1   Thumb Code   110  system_stm32f4xx.o(.text.SystemInit)
    TIM2_IRQHandler                          0x08001e11   Thumb Code   428  timer.o(.text.TIM2_IRQHandler)
    TIM3_IRQHandler                          0x08001fbd   Thumb Code    98  timer.o(.text.TIM3_IRQHandler)
    TIM3_init                                0x08002021   Thumb Code   184  timer.o(.text.TIM3_init)
    TIM6_DAC_IRQHandler                      0x080020d9   Thumb Code    54  timer.o(.text.TIM6_DAC_IRQHandler)
    TIM6_init                                0x08002111   Thumb Code   118  timer.o(.text.TIM6_init)
    main                                     0x0800225d   Thumb Code   140  lab3_main.o(.text.main)
    setCS                                    0x080022e9   Thumb Code    60  accelerometer.o(.text.setCS)
    _btod_d2e                                0x08002325   Thumb Code    62  btod.o(CL$$btod_d2e)
    _d2e_denorm_low                          0x08002363   Thumb Code    70  btod.o(CL$$btod_d2e_denorm_low)
    _d2e_norm_op1                            0x080023a9   Thumb Code    96  btod.o(CL$$btod_d2e_norm_op1)
    __btod_div_common                        0x08002409   Thumb Code   696  btod.o(CL$$btod_div_common)
    _e2e                                     0x08002741   Thumb Code   220  btod.o(CL$$btod_e2e)
    _btod_ediv                               0x0800281d   Thumb Code    42  btod.o(CL$$btod_ediv)
    _btod_emul                               0x08002847   Thumb Code    42  btod.o(CL$$btod_emul)
    __btod_mult_common                       0x08002871   Thumb Code   580  btod.o(CL$$btod_mult_common)
    __ARM_fpclassify                         0x08002ab5   Thumb Code    48  fpclassify.o(i.__ARM_fpclassify)
    _is_digit                                0x08002ae5   Thumb Code    14  __printf_wp.o(i._is_digit)
    _get_lc_numeric                          0x08002af5   Thumb Code    44  lc_numeric_c.o(locale$$code)
    _get_lc_ctype                            0x08002b21   Thumb Code    44  lc_ctype_c.o(locale$$code)
    __fpl_dretinf                            0x08002b4d   Thumb Code    12  dretinf.o(x$fpl$dretinf)
    __aeabi_f2d                              0x08002b59   Thumb Code     0  f2d.o(x$fpl$f2d)
    _f2d                                     0x08002b59   Thumb Code    86  f2d.o(x$fpl$f2d)
    __fpl_fnaninf                            0x08002baf   Thumb Code   140  fnaninf.o(x$fpl$fnaninf)
    _fp_init                                 0x08002c3b   Thumb Code    26  fpinit.o(x$fpl$fpinit)
    __fplib_config_fpu_vfp                   0x08002c53   Thumb Code     0  fpinit.o(x$fpl$fpinit)
    __fplib_config_pureend_doubles           0x08002c53   Thumb Code     0  fpinit.o(x$fpl$fpinit)
    _printf_fp_dec                           0x08002c55   Thumb Code     4  printf1.o(x$fpl$printf1)
    _printf_fp_hex                           0x08002c59   Thumb Code     4  printf2.o(x$fpl$printf2)
    __I$use$fp                               0x08002c5c   Number         0  usenofp.o(x$fpl$usenofp)
    Region$$Table$$Base                      0x08002d70   Number         0  anon$$obj.o(Region$$Table)
    Region$$Table$$Limit                     0x08002d80   Number         0  anon$$obj.o(Region$$Table)
    __ctype                                  0x08002da9   Data           0  lc_ctype_c.o(locale$$data)
    __libspace_start                         0x20000000   Data          96  libspace.o(.bss)
    DIST                                     0x20000060   Data           4  timer.o(.bss.DIST)
    __temporary_stack_top$libspace           0x20000060   Data           0  libspace.o(.bss)
    DUTY                                     0x20000064   Data           4  rpg.o(.bss.DUTY)
    END                                      0x20000068   Data           4  timer.o(.bss.END)
    START                                    0x2000006c   Data           4  timer.o(.bss.START)
    TIME                                     0x20000074   Data           4  timer.o(.bss.TIME)
    data2                                    0x20000078   Data          10  accelerometer.o(.bss.data2)
    i                                        0x20000084   Data           4  timer.o(.bss.i)
    myData                                   0x20000088   Data        2000  adc.o(.bss.myData)



==============================================================================

Memory Map of the image

  Image Entry point : 0x08000189

  Load Region LR_IROM1 (Base: 0x08000000, Size: 0x00002eac, Max: 0x00100000, ABSOLUTE)

    Execution Region ER_IROM1 (Exec base: 0x08000000, Load base: 0x08000000, Size: 0x00002eac, Max: 0x00100000, ABSOLUTE)

    Exec Addr    Load Addr    Size         Type   Attr      Idx    E Section Name        Object

    0x08000000   0x08000000   0x00000188   Data   RO          187    RESET               startup_stm32f407xx.o
    0x08000188   0x08000188   0x00000008   Code   RO          214  * !!!main             c_w.l(__main.o)
    0x08000190   0x08000190   0x00000034   Code   RO          557    !!!scatter          c_w.l(__scatter.o)
    0x080001c4   0x080001c4   0x0000001c   Code   RO          559    !!handler_zi        c_w.l(__scatter_zi.o)
    0x080001e0   0x080001e0   0x00000000   Code   RO          300    .ARM.Collect$$_printf_percent$$00000000  c_w.l(_printf_percent.o)
    0x080001e0   0x080001e0   0x00000006   Code   RO          289    .ARM.Collect$$_printf_percent$$00000001  c_w.l(_printf_n.o)
    0x080001e6   0x080001e6   0x00000006   Code   RO          291    .ARM.Collect$$_printf_percent$$00000002  c_w.l(_printf_p.o)
    0x080001ec   0x080001ec   0x00000006   Code   RO          296    .ARM.Collect$$_printf_percent$$00000003  c_w.l(_printf_f.o)
    0x080001f2   0x080001f2   0x00000006   Code   RO          297    .ARM.Collect$$_printf_percent$$00000004  c_w.l(_printf_e.o)
    0x080001f8   0x080001f8   0x00000006   Code   RO          298    .ARM.Collect$$_printf_percent$$00000005  c_w.l(_printf_g.o)
    0x080001fe   0x080001fe   0x00000006   Code   RO          299    .ARM.Collect$$_printf_percent$$00000006  c_w.l(_printf_a.o)
    0x08000204   0x08000204   0x0000000a   Code   RO          304    .ARM.Collect$$_printf_percent$$00000007  c_w.l(_printf_ll.o)
    0x0800020e   0x0800020e   0x00000006   Code   RO          293    .ARM.Collect$$_printf_percent$$00000008  c_w.l(_printf_i.o)
    0x08000214   0x08000214   0x00000006   Code   RO          294    .ARM.Collect$$_printf_percent$$00000009  c_w.l(_printf_d.o)
    0x0800021a   0x0800021a   0x00000006   Code   RO          295    .ARM.Collect$$_printf_percent$$0000000A  c_w.l(_printf_u.o)
    0x08000220   0x08000220   0x00000006   Code   RO          292    .ARM.Collect$$_printf_percent$$0000000B  c_w.l(_printf_o.o)
    0x08000226   0x08000226   0x00000006   Code   RO          290    .ARM.Collect$$_printf_percent$$0000000C  c_w.l(_printf_x.o)
    0x0800022c   0x0800022c   0x00000006   Code   RO          301    .ARM.Collect$$_printf_percent$$0000000D  c_w.l(_printf_lli.o)
    0x08000232   0x08000232   0x00000006   Code   RO          302    .ARM.Collect$$_printf_percent$$0000000E  c_w.l(_printf_lld.o)
    0x08000238   0x08000238   0x00000006   Code   RO          303    .ARM.Collect$$_printf_percent$$0000000F  c_w.l(_printf_llu.o)
    0x0800023e   0x0800023e   0x00000006   Code   RO          308    .ARM.Collect$$_printf_percent$$00000010  c_w.l(_printf_llo.o)
    0x08000244   0x08000244   0x00000006   Code   RO          309    .ARM.Collect$$_printf_percent$$00000011  c_w.l(_printf_llx.o)
    0x0800024a   0x0800024a   0x0000000a   Code   RO          305    .ARM.Collect$$_printf_percent$$00000012  c_w.l(_printf_l.o)
    0x08000254   0x08000254   0x00000006   Code   RO          287    .ARM.Collect$$_printf_percent$$00000013  c_w.l(_printf_c.o)
    0x0800025a   0x0800025a   0x00000006   Code   RO          288    .ARM.Collect$$_printf_percent$$00000014  c_w.l(_printf_s.o)
    0x08000260   0x08000260   0x00000006   Code   RO          306    .ARM.Collect$$_printf_percent$$00000015  c_w.l(_printf_lc.o)
    0x08000266   0x08000266   0x00000006   Code   RO          307    .ARM.Collect$$_printf_percent$$00000016  c_w.l(_printf_ls.o)
    0x0800026c   0x0800026c   0x00000004   Code   RO          355    .ARM.Collect$$_printf_percent$$00000017  c_w.l(_printf_percent_end.o)
    0x08000270   0x08000270   0x00000002   Code   RO          406    .ARM.Collect$$libinit$$00000000  c_w.l(libinit.o)
    0x08000272   0x08000272   0x00000004   Code   RO          423    .ARM.Collect$$libinit$$00000001  c_w.l(libinit2.o)
    0x08000276   0x08000276   0x00000000   Code   RO          426    .ARM.Collect$$libinit$$00000004  c_w.l(libinit2.o)
    0x08000276   0x08000276   0x00000000   Code   RO          428    .ARM.Collect$$libinit$$00000006  c_w.l(libinit2.o)
    0x08000276   0x08000276   0x00000000   Code   RO          431    .ARM.Collect$$libinit$$0000000C  c_w.l(libinit2.o)
    0x08000276   0x08000276   0x00000000   Code   RO          433    .ARM.Collect$$libinit$$0000000E  c_w.l(libinit2.o)
    0x08000276   0x08000276   0x00000000   Code   RO          435    .ARM.Collect$$libinit$$00000010  c_w.l(libinit2.o)
    0x08000276   0x08000276   0x00000006   Code   RO          436    .ARM.Collect$$libinit$$00000011  c_w.l(libinit2.o)
    0x0800027c   0x0800027c   0x00000000   Code   RO          438    .ARM.Collect$$libinit$$00000013  c_w.l(libinit2.o)
    0x0800027c   0x0800027c   0x0000000c   Code   RO          439    .ARM.Collect$$libinit$$00000014  c_w.l(libinit2.o)
    0x08000288   0x08000288   0x00000000   Code   RO          440    .ARM.Collect$$libinit$$00000015  c_w.l(libinit2.o)
    0x08000288   0x08000288   0x00000000   Code   RO          442    .ARM.Collect$$libinit$$00000017  c_w.l(libinit2.o)
    0x08000288   0x08000288   0x0000000a   Code   RO          443    .ARM.Collect$$libinit$$00000018  c_w.l(libinit2.o)
    0x08000292   0x08000292   0x00000000   Code   RO          444    .ARM.Collect$$libinit$$00000019  c_w.l(libinit2.o)
    0x08000292   0x08000292   0x00000000   Code   RO          446    .ARM.Collect$$libinit$$0000001B  c_w.l(libinit2.o)
    0x08000292   0x08000292   0x00000000   Code   RO          448    .ARM.Collect$$libinit$$0000001D  c_w.l(libinit2.o)
    0x08000292   0x08000292   0x00000000   Code   RO          450    .ARM.Collect$$libinit$$0000001F  c_w.l(libinit2.o)
    0x08000292   0x08000292   0x00000000   Code   RO          452    .ARM.Collect$$libinit$$00000021  c_w.l(libinit2.o)
    0x08000292   0x08000292   0x00000000   Code   RO          454    .ARM.Collect$$libinit$$00000023  c_w.l(libinit2.o)
    0x08000292   0x08000292   0x00000000   Code   RO          456    .ARM.Collect$$libinit$$00000025  c_w.l(libinit2.o)
    0x08000292   0x08000292   0x00000000   Code   RO          458    .ARM.Collect$$libinit$$00000027  c_w.l(libinit2.o)
    0x08000292   0x08000292   0x00000000   Code   RO          462    .ARM.Collect$$libinit$$0000002E  c_w.l(libinit2.o)
    0x08000292   0x08000292   0x00000000   Code   RO          464    .ARM.Collect$$libinit$$00000030  c_w.l(libinit2.o)
    0x08000292   0x08000292   0x00000000   Code   RO          466    .ARM.Collect$$libinit$$00000032  c_w.l(libinit2.o)
    0x08000292   0x08000292   0x00000000   Code   RO          468    .ARM.Collect$$libinit$$00000034  c_w.l(libinit2.o)
    0x08000292   0x08000292   0x00000002   Code   RO          469    .ARM.Collect$$libinit$$00000035  c_w.l(libinit2.o)
    0x08000294   0x08000294   0x00000002   Code   RO          493    .ARM.Collect$$libshutdown$$00000000  c_w.l(libshutdown.o)
    0x08000296   0x08000296   0x00000000   Code   RO          508    .ARM.Collect$$libshutdown$$00000002  c_w.l(libshutdown2.o)
    0x08000296   0x08000296   0x00000000   Code   RO          510    .ARM.Collect$$libshutdown$$00000004  c_w.l(libshutdown2.o)
    0x08000296   0x08000296   0x00000000   Code   RO          513    .ARM.Collect$$libshutdown$$00000007  c_w.l(libshutdown2.o)
    0x08000296   0x08000296   0x00000000   Code   RO          516    .ARM.Collect$$libshutdown$$0000000A  c_w.l(libshutdown2.o)
    0x08000296   0x08000296   0x00000000   Code   RO          518    .ARM.Collect$$libshutdown$$0000000C  c_w.l(libshutdown2.o)
    0x08000296   0x08000296   0x00000000   Code   RO          521    .ARM.Collect$$libshutdown$$0000000F  c_w.l(libshutdown2.o)
    0x08000296   0x08000296   0x00000002   Code   RO          522    .ARM.Collect$$libshutdown$$00000010  c_w.l(libshutdown2.o)
    0x08000298   0x08000298   0x00000000   Code   RO          218    .ARM.Collect$$rtentry$$00000000  c_w.l(__rtentry.o)
    0x08000298   0x08000298   0x00000000   Code   RO          324    .ARM.Collect$$rtentry$$00000002  c_w.l(__rtentry2.o)
    0x08000298   0x08000298   0x00000006   Code   RO          336    .ARM.Collect$$rtentry$$00000004  c_w.l(__rtentry4.o)
    0x0800029e   0x0800029e   0x00000000   Code   RO          326    .ARM.Collect$$rtentry$$00000009  c_w.l(__rtentry2.o)
    0x0800029e   0x0800029e   0x00000004   Code   RO          327    .ARM.Collect$$rtentry$$0000000A  c_w.l(__rtentry2.o)
    0x080002a2   0x080002a2   0x00000000   Code   RO          329    .ARM.Collect$$rtentry$$0000000C  c_w.l(__rtentry2.o)
    0x080002a2   0x080002a2   0x00000008   Code   RO          330    .ARM.Collect$$rtentry$$0000000D  c_w.l(__rtentry2.o)
    0x080002aa   0x080002aa   0x00000002   Code   RO          414    .ARM.Collect$$rtexit$$00000000  c_w.l(rtexit.o)
    0x080002ac   0x080002ac   0x00000000   Code   RO          471    .ARM.Collect$$rtexit$$00000002  c_w.l(rtexit2.o)
    0x080002ac   0x080002ac   0x00000004   Code   RO          472    .ARM.Collect$$rtexit$$00000003  c_w.l(rtexit2.o)
    0x080002b0   0x080002b0   0x00000006   Code   RO          473    .ARM.Collect$$rtexit$$00000004  c_w.l(rtexit2.o)
    0x080002b6   0x080002b6   0x00000002   PAD
    0x080002b8   0x080002b8   0x00000040   Code   RO          188    .text               startup_stm32f407xx.o
    0x080002f8   0x080002f8   0x0000002c   Code   RO          210    .text               c_w.l(sprintf.o)
    0x08000324   0x08000324   0x00000006   Code   RO          212    .text               c_w.l(heapauxi.o)
    0x0800032a   0x0800032a   0x0000004e   Code   RO          221    .text               c_w.l(_printf_pad.o)
    0x08000378   0x08000378   0x00000024   Code   RO          223    .text               c_w.l(_printf_truncate.o)
    0x0800039c   0x0800039c   0x00000052   Code   RO          225    .text               c_w.l(_printf_str.o)
    0x080003ee   0x080003ee   0x00000002   PAD
    0x080003f0   0x080003f0   0x00000078   Code   RO          227    .text               c_w.l(_printf_dec.o)
    0x08000468   0x08000468   0x00000028   Code   RO          229    .text               c_w.l(_printf_charcount.o)
    0x08000490   0x08000490   0x00000030   Code   RO          231    .text               c_w.l(_printf_char_common.o)
    0x080004c0   0x080004c0   0x0000000a   Code   RO          233    .text               c_w.l(_sputc.o)
    0x080004ca   0x080004ca   0x00000002   PAD
    0x080004cc   0x080004cc   0x000000bc   Code   RO          235    .text               c_w.l(_printf_wctomb.o)
    0x08000588   0x08000588   0x0000007c   Code   RO          238    .text               c_w.l(_printf_longlong_dec.o)
    0x08000604   0x08000604   0x00000070   Code   RO          244    .text               c_w.l(_printf_oct_int_ll.o)
    0x08000674   0x08000674   0x00000094   Code   RO          264    .text               c_w.l(_printf_hex_int_ll_ptr.o)
    0x08000708   0x08000708   0x00000188   Code   RO          284    .text               c_w.l(__printf_flags_ss_wp.o)
    0x08000890   0x08000890   0x0000008a   Code   RO          338    .text               c_w.l(lludiv10.o)
    0x0800091a   0x0800091a   0x000000b2   Code   RO          340    .text               c_w.l(_printf_intcommon.o)
    0x080009cc   0x080009cc   0x0000041c   Code   RO          342    .text               c_w.l(_printf_fp_dec.o)
    0x08000de8   0x08000de8   0x000002fc   Code   RO          346    .text               c_w.l(_printf_fp_hex.o)
    0x080010e4   0x080010e4   0x0000002c   Code   RO          351    .text               c_w.l(_printf_char.o)
    0x08001110   0x08001110   0x0000002c   Code   RO          353    .text               c_w.l(_printf_wchar.o)
    0x0800113c   0x0800113c   0x00000048   Code   RO          356    .text               c_w.l(_c16rtomb.o)
    0x08001184   0x08001184   0x0000004a   Code   RO          358    .text               c_w.l(sys_stackheap_outer.o)
    0x080011ce   0x080011ce   0x00000002   PAD
    0x080011d0   0x080011d0   0x00000010   Code   RO          360    .text               c_w.l(rt_ctype_table.o)
    0x080011e0   0x080011e0   0x00000008   Code   RO          365    .text               c_w.l(rt_locale_intlibspace.o)
    0x080011e8   0x080011e8   0x00000080   Code   RO          367    .text               c_w.l(_printf_fp_infnan.o)
    0x08001268   0x08001268   0x000000e4   Code   RO          369    .text               c_w.l(bigflt0.o)
    0x0800134c   0x0800134c   0x00000012   Code   RO          399    .text               c_w.l(exit.o)
    0x0800135e   0x0800135e   0x00000002   PAD
    0x08001360   0x08001360   0x00000008   Code   RO          411    .text               c_w.l(libspace.o)
    0x08001368   0x08001368   0x0000007c   Code   RO          421    .text               c_w.l(strcmpv7em.o)
    0x080013e4   0x080013e4   0x0000000c   Code   RO          483    .text               c_w.l(sys_exit.o)
    0x080013f0   0x080013f0   0x00000002   Code   RO          498    .text               c_w.l(use_no_semi.o)
    0x080013f2   0x080013f2   0x00000000   Code   RO          500    .text               c_w.l(indicate_semi.o)
    0x080013f2   0x080013f2   0x00000002   PAD
    0x080013f4   0x080013f4   0x00000010   Code   RO          174    .text.ACC_Init      accelerometer.o
    0x08001404   0x08001404   0x00000090   Code   RO          176    .text.ACC_Read      accelerometer.o
    0x08001494   0x08001494   0x00000050   Code   RO          156    .text.ADC_Poll      adc.o
    0x080014e4   0x080014e4   0x00000088   Code   RO          154    .text.ADC_init      adc.o
    0x0800156c   0x0800156c   0x0000007c   Code   RO           16    .text.BF_check      lcd.o
    0x080015e8   0x080015e8   0x0000000e   Code   RO           45    .text.DUTY_Increment  rpg.o
    0x080015f6   0x080015f6   0x00000002   PAD
    0x080015f8   0x080015f8   0x00000042   Code   RO           61    .text.EXTI15_10_IRQHandler  rpg.o
    0x0800163a   0x0800163a   0x00000002   PAD
    0x0800163c   0x0800163c   0x0000025c   Code   RO           57    .text.EXTI9_5_IRQHandler  rpg.o
    0x08001898   0x08001898   0x00000010   Code   RO            2    .text.LCD_clear     lcd.o
    0x080018a8   0x080018a8   0x00000086   Code   RO           10    .text.LCD_place_cursor  lcd.o
    0x0800192e   0x0800192e   0x00000002   PAD
    0x08001930   0x08001930   0x0000006c   Code   RO           18    .text.LCD_sendData  lcd.o
    0x0800199c   0x0800199c   0x00000048   Code   RO            4    .text.LCD_sendInstr  lcd.o
    0x080019e4   0x080019e4   0x00000030   Code   RO           20    .text.LCD_send_String  lcd.o
    0x08001a14   0x08001a14   0x0000005e   Code   RO           26    .text.LCD_send_floatString  lcd.o
    0x08001a72   0x08001a72   0x00000002   PAD
    0x08001a74   0x08001a74   0x00000048   Code   RO           22    .text.LCD_send_intString  lcd.o
    0x08001abc   0x08001abc   0x00000046   Code   RO           76    .text.LED_BLUE_enable  led.o
    0x08001b02   0x08001b02   0x00000002   PAD
    0x08001b04   0x08001b04   0x00000046   Code   RO           78    .text.LED_GREEN_enable  led.o
    0x08001b4a   0x08001b4a   0x00000002   PAD
    0x08001b4c   0x08001b4c   0x0000001e   Code   RO           82    .text.LED_ON        led.o
    0x08001b6a   0x08001b6a   0x00000002   PAD
    0x08001b6c   0x08001b6c   0x00000046   Code   RO           74    .text.LED_ORANGE_enable  led.o
    0x08001bb2   0x08001bb2   0x00000002   PAD
    0x08001bb4   0x08001bb4   0x00000046   Code   RO           80    .text.LED_RED_enable  led.o
    0x08001bfa   0x08001bfa   0x00000002   PAD
    0x08001bfc   0x08001bfc   0x00000014   Code   RO           72    .text.LED_init      led.o
    0x08001c10   0x08001c10   0x00000022   Code   RO           86    .text.LED_toggle    led.o
    0x08001c32   0x08001c32   0x00000002   PAD
    0x08001c34   0x08001c34   0x0000001a   Code   RO          135    .text.Motor_backward  motor.o
    0x08001c4e   0x08001c4e   0x00000002   PAD
    0x08001c50   0x08001c50   0x0000001a   Code   RO          133    .text.Motor_forward  motor.o
    0x08001c6a   0x08001c6a   0x00000002   PAD
    0x08001c6c   0x08001c6c   0x00000012   Code   RO          137    .text.Motor_stop    motor.o
    0x08001c7e   0x08001c7e   0x00000002   PAD
    0x08001c80   0x08001c80   0x0000001e   Code   RO           12    .text.PIN_clear     lcd.o
    0x08001c9e   0x08001c9e   0x00000002   PAD
    0x08001ca0   0x08001ca0   0x0000001e   Code   RO           14    .text.PIN_set       lcd.o
    0x08001cbe   0x08001cbe   0x00000002   PAD
    0x08001cc0   0x08001cc0   0x0000004a   Code   RO          168    .text.SPI_Init      accelerometer.o
    0x08001d0a   0x08001d0a   0x00000002   PAD
    0x08001d0c   0x08001d0c   0x00000052   Code   RO          166    .text.SPI_Port_Init  accelerometer.o
    0x08001d5e   0x08001d5e   0x00000002   PAD
    0x08001d60   0x08001d60   0x0000003e   Code   RO          170    .text.SPI_Send      accelerometer.o
    0x08001d9e   0x08001d9e   0x00000002   PAD
    0x08001da0   0x08001da0   0x0000006e   Code   RO          195    .text.SystemInit    system_stm32f4xx.o
    0x08001e0e   0x08001e0e   0x00000002   PAD
    0x08001e10   0x08001e10   0x000001ac   Code   RO          113    .text.TIM2_IRQHandler  timer.o
    0x08001fbc   0x08001fbc   0x00000062   Code   RO          115    .text.TIM3_IRQHandler  timer.o
    0x0800201e   0x0800201e   0x00000002   PAD
    0x08002020   0x08002020   0x000000b8   Code   RO          107    .text.TIM3_init     timer.o
    0x080020d8   0x080020d8   0x00000036   Code   RO          111    .text.TIM6_DAC_IRQHandler  timer.o
    0x0800210e   0x0800210e   0x00000002   PAD
    0x08002110   0x08002110   0x00000076   Code   RO           95    .text.TIM6_init     timer.o
    0x08002186   0x08002186   0x00000002   PAD
    0x08002188   0x08002188   0x00000030   Code   RO           53    .text.__NVIC_ClearPendingIRQ  rpg.o
    0x080021b8   0x080021b8   0x00000030   Code   RO           99    .text.__NVIC_ClearPendingIRQ  timer.o
    0x080021e8   0x080021e8   0x00000030   Code   RO          101    .text.__NVIC_EnableIRQ  timer.o
    0x08002218   0x08002218   0x00000042   Code   RO           97    .text.__NVIC_SetPriority  timer.o
    0x0800225a   0x0800225a   0x00000002   PAD
    0x0800225c   0x0800225c   0x0000008c   Code   RO           36    .text.main          lab3_main.o
    0x080022e8   0x080022e8   0x0000003c   Code   RO          172    .text.setCS         accelerometer.o
    0x08002324   0x08002324   0x0000003e   Code   RO          372    CL$$btod_d2e        c_w.l(btod.o)
    0x08002362   0x08002362   0x00000046   Code   RO          374    CL$$btod_d2e_denorm_low  c_w.l(btod.o)
    0x080023a8   0x080023a8   0x00000060   Code   RO          373    CL$$btod_d2e_norm_op1  c_w.l(btod.o)
    0x08002408   0x08002408   0x00000338   Code   RO          382    CL$$btod_div_common  c_w.l(btod.o)
    0x08002740   0x08002740   0x000000dc   Code   RO          379    CL$$btod_e2e        c_w.l(btod.o)
    0x0800281c   0x0800281c   0x0000002a   Code   RO          376    CL$$btod_ediv       c_w.l(btod.o)
    0x08002846   0x08002846   0x0000002a   Code   RO          375    CL$$btod_emul       c_w.l(btod.o)
    0x08002870   0x08002870   0x00000244   Code   RO          381    CL$$btod_mult_common  c_w.l(btod.o)
    0x08002ab4   0x08002ab4   0x00000030   Code   RO          409    i.__ARM_fpclassify  m_wm.l(fpclassify.o)
    0x08002ae4   0x08002ae4   0x0000000e   Code   RO          277    i._is_digit         c_w.l(__printf_wp.o)
    0x08002af2   0x08002af2   0x00000002   PAD
    0x08002af4   0x08002af4   0x0000002c   Code   RO          397    locale$$code        c_w.l(lc_numeric_c.o)
    0x08002b20   0x08002b20   0x0000002c   Code   RO          419    locale$$code        c_w.l(lc_ctype_c.o)
    0x08002b4c   0x08002b4c   0x0000000c   Code   RO          310    x$fpl$dretinf       fz_wm.l(dretinf.o)
    0x08002b58   0x08002b58   0x00000056   Code   RO          216    x$fpl$f2d           fz_wm.l(f2d.o)
    0x08002bae   0x08002bae   0x0000008c   Code   RO          312    x$fpl$fnaninf       fz_wm.l(fnaninf.o)
    0x08002c3a   0x08002c3a   0x0000001a   Code   RO          481    x$fpl$fpinit        fz_wm.l(fpinit.o)
    0x08002c54   0x08002c54   0x00000004   Code   RO          314    x$fpl$printf1       fz_wm.l(printf1.o)
    0x08002c58   0x08002c58   0x00000004   Code   RO          316    x$fpl$printf2       fz_wm.l(printf2.o)
    0x08002c5c   0x08002c5c   0x00000000   Code   RO          322    x$fpl$usenofp       fz_wm.l(usenofp.o)
    0x08002c5c   0x08002c5c   0x00000008   Data   RO          236    .constdata          c_w.l(_printf_wctomb.o)
    0x08002c64   0x08002c64   0x00000028   Data   RO          265    .constdata          c_w.l(_printf_hex_int_ll_ptr.o)
    0x08002c8c   0x08002c8c   0x00000011   Data   RO          285    .constdata          c_w.l(__printf_flags_ss_wp.o)
    0x08002c9d   0x08002c9d   0x00000026   Data   RO          347    .constdata          c_w.l(_printf_fp_hex.o)
    0x08002cc3   0x08002cc3   0x00000001   PAD
    0x08002cc4   0x08002cc4   0x00000094   Data   RO          370    .constdata          c_w.l(bigflt0.o)
    0x08002d58   0x08002d58   0x00000006   Data   RO           28    .rodata.str1.1      lcd.o
    0x08002d5e   0x08002d5e   0x00000008   Data   RO           63    .rodata.str1.1      rpg.o
    0x08002d66   0x08002d66   0x0000000a   Data   RO          123    .rodata.str1.1      timer.o
    0x08002d70   0x08002d70   0x00000010   Data   RO          556    Region$$Table       anon$$obj.o
    0x08002d80   0x08002d80   0x0000001c   Data   RO          396    locale$$data        c_w.l(lc_numeric_c.o)
    0x08002d9c   0x08002d9c   0x00000110   Data   RO          418    locale$$data        c_w.l(lc_ctype_c.o)


    Execution Region RW_IRAM1 (Exec base: 0x20000000, Load base: 0x08002eac, Size: 0x00000e58, Max: 0x00020000, ABSOLUTE)

    Exec Addr    Load Addr    Size         Type   Attr      Idx    E Section Name        Object

    0x20000000        -       0x00000060   Zero   RW          412    .bss                c_w.l(libspace.o)
    0x20000060        -       0x00000004   Zero   RW          119    .bss.DIST           timer.o
    0x20000064        -       0x00000004   Zero   RW           64    .bss.DUTY           rpg.o
    0x20000068        -       0x00000004   Zero   RW          118    .bss.END            timer.o
    0x2000006c        -       0x00000004   Zero   RW          117    .bss.START          timer.o
    0x20000070        -       0x00000004   Zero   RW          121    .bss.TIM2_IRQHandler.OVFLOW  timer.o
    0x20000074        -       0x00000004   Zero   RW          122    .bss.TIME           timer.o
    0x20000078        -       0x0000000a   Zero   RW          178    .bss.data2          accelerometer.o
    0x20000082   0x08002eac   0x00000002   PAD
    0x20000084        -       0x00000004   Zero   RW          120    .bss.i              timer.o
    0x20000088        -       0x000007d0   Zero   RW          158    .bss.myData         adc.o
    0x20000858        -       0x00000200   Zero   RW          186    HEAP                startup_stm32f407xx.o
    0x20000a58        -       0x00000400   Zero   RW          185    STACK               startup_stm32f407xx.o


==============================================================================

Image component sizes


      Code (inc. data)   RO Data    RW Data    ZI Data      Debug   Object Name

       438          0          0          0         10       2779   accelerometer.o
       216          0          0          0       2000       2171   adc.o
       140          0          0          0          0        411   lab3_main.o
       728          0          6          0          0       3556   lcd.o
       364          0          0          0          0       2306   led.o
        70          0          0          0          0       1825   motor.o
       732          0          8          0          4       7017   rpg.o
        64         26        392          0       1536        888   startup_stm32f407xx.o
       110          0          0          0          0       2626   system_stm32f4xx.o
      1044         16         10          0         24       7054   timer.o

    ----------------------------------------------------------------------
      3952         42        432          0       3576      30633   Object Totals
         0          0         16          0          0          0   (incl. Generated)
        46          0          0          0          2          0   (incl. Padding)

    ----------------------------------------------------------------------

      Code (inc. data)   RO Data    RW Data    ZI Data      Debug   Library Member Name

         8          0          0          0          0         68   __main.o
       392          4         17          0          0         92   __printf_flags_ss_wp.o
        14          0          0          0          0         68   __printf_wp.o
         0          0          0          0          0          0   __rtentry.o
        12          0          0          0          0          0   __rtentry2.o
         6          0          0          0          0          0   __rtentry4.o
        52          8          0          0          0          0   __scatter.o
        28          0          0          0          0          0   __scatter_zi.o
        72          0          0          0          0         96   _c16rtomb.o
         6          0          0          0          0          0   _printf_a.o
         6          0          0          0          0          0   _printf_c.o
        44          0          0          0          0        108   _printf_char.o
        48          6          0          0          0         96   _printf_char_common.o
        40          0          0          0          0         68   _printf_charcount.o
         6          0          0          0          0          0   _printf_d.o
       120         16          0          0          0         92   _printf_dec.o
         6          0          0          0          0          0   _printf_e.o
         6          0          0          0          0          0   _printf_f.o
      1052          0          0          0          0        148   _printf_fp_dec.o
       764          8         38          0          0        100   _printf_fp_hex.o
       128         16          0          0          0         84   _printf_fp_infnan.o
         6          0          0          0          0          0   _printf_g.o
       148          4         40          0          0        160   _printf_hex_int_ll_ptr.o
         6          0          0          0          0          0   _printf_i.o
       178          0          0          0          0         88   _printf_intcommon.o
        10          0          0          0          0          0   _printf_l.o
         6          0          0          0          0          0   _printf_lc.o
        10          0          0          0          0          0   _printf_ll.o
         6          0          0          0          0          0   _printf_lld.o
         6          0          0          0          0          0   _printf_lli.o
         6          0          0          0          0          0   _printf_llo.o
         6          0          0          0          0          0   _printf_llu.o
         6          0          0          0          0          0   _printf_llx.o
       124         16          0          0          0         92   _printf_longlong_dec.o
         6          0          0          0          0          0   _printf_ls.o
         6          0          0          0          0          0   _printf_n.o
         6          0          0          0          0          0   _printf_o.o
       112          8          0          0          0        124   _printf_oct_int_ll.o
         6          0          0          0          0          0   _printf_p.o
        78          0          0          0          0        108   _printf_pad.o
         0          0          0          0          0          0   _printf_percent.o
         4          0          0          0          0          0   _printf_percent_end.o
         6          0          0          0          0          0   _printf_s.o
        82          0          0          0          0         80   _printf_str.o
        36          0          0          0          0         84   _printf_truncate.o
         6          0          0          0          0          0   _printf_u.o
        44          0          0          0          0        108   _printf_wchar.o
       188          6          8          0          0         92   _printf_wctomb.o
         6          0          0          0          0          0   _printf_x.o
        10          0          0          0          0         68   _sputc.o
       228          4        148          0          0         96   bigflt0.o
      1936        128          0          0          0        668   btod.o
        18          0          0          0          0         80   exit.o
         6          0          0          0          0        152   heapauxi.o
         0          0          0          0          0          0   indicate_semi.o
        44         10        272          0          0         76   lc_ctype_c.o
        44         10         28          0          0         76   lc_numeric_c.o
         2          0          0          0          0          0   libinit.o
        34          0          0          0          0          0   libinit2.o
         2          0          0          0          0          0   libshutdown.o
         2          0          0          0          0          0   libshutdown2.o
         8          4          0          0         96         68   libspace.o
       138          0          0          0          0         80   lludiv10.o
        16          4          0          0          0         76   rt_ctype_table.o
         8          4          0          0          0         68   rt_locale_intlibspace.o
         2          0          0          0          0          0   rtexit.o
        10          0          0          0          0          0   rtexit2.o
        44          6          0          0          0         84   sprintf.o
       124          0          0          0          0         88   strcmpv7em.o
        12          4          0          0          0         68   sys_exit.o
        74          0          0          0          0         80   sys_stackheap_outer.o
         2          0          0          0          0         68   use_no_semi.o
        12          0          0          0          0        116   dretinf.o
        86          4          0          0          0        132   f2d.o
       140          4          0          0          0        132   fnaninf.o
        26          0          0          0          0        116   fpinit.o
         4          0          0          0          0        116   printf1.o
         4          0          0          0          0        116   printf2.o
         0          0          0          0          0          0   usenofp.o
        48          0          0          0          0        124   fpclassify.o

    ----------------------------------------------------------------------
      7012        274        552          0         96       4704   Library Totals
        14          0          1          0          0          0   (incl. Padding)

    ----------------------------------------------------------------------

      Code (inc. data)   RO Data    RW Data    ZI Data      Debug   Library Name

      6678        266        551          0         96       3852   c_w.l
       272          8          0          0          0        728   fz_wm.l
        48          0          0          0          0        124   m_wm.l

    ----------------------------------------------------------------------
      7012        274        552          0         96       4704   Library Totals

    ----------------------------------------------------------------------

==============================================================================


      Code (inc. data)   RO Data    RW Data    ZI Data      Debug   

     10964        316        984          0       3672      32581   Grand Totals
     10964        316        984          0       3672      32581   ELF Image Totals
     10964        316        984          0          0          0   ROM Totals

==============================================================================

    Total RO  Size (Code + RO Data)                11948 (  11.67kB)
    Total RW  Size (RW Data + ZI Data)              3672 (   3.59kB)
    Total ROM Size (Code + RO Data + RW Data)      11948 (  11.67kB)

==============================================================================

